Connecting to 192.168.0.128...
dc-load-ip 3.0.1 using Broadband Adapter (HIT-0400)
Console enabled
Upload <cannonball.elf>
File format is ELF, start address is 0x8c010000
Section .text, lma 0x8c010000, size 1721016
Section .init, lma 0x8c1b6000, size 54
Section .fini, lma 0x8c1b6038, size 42
Section .rodata, lma 0x8c1b6080, size 177500
Section .eh_frame, lma 0x8c1e15dc, size 97592
Section .gcc_except_table, lma 0x8c1f9314, size 11273
Section .ctors, lma 0x8c1fbfa0, size 52
Section .dtors, lma 0x8c1fbfd4, size 8
Section .data, lma 0x8c1fbfdc, size 12952
Section .got, lma 0x8c1ff274, size 12
Transferred 2020501 bytes at 4833122 bytes / sec
Executing at 0x8c010000
Sending execute command (0xac010000, console=1, cdfsredir=0)...argv(1, argv0="cannonball.elf")...executing

--
KallistiOS v2.3.0 [dreamcast/pristine]
  Git revision: fcfa7d86
  Mon Sep 14 01:18:49 PM MST 2026
  gpf@gpf-B550-Phantom-Gaming-4-ac:/opt/toolchains/dc/kos
  sh-elf-gcc (GCC) 17.0.0 20260703 (experimental)
maple: active drivers:
    Dreameye (Camera): Camera
    Sound Input Peripheral: Microphone
    PuruPuru (Vibration) Pack: JumpPack
    VMU Driver: Clock, LCD, MemoryCard
    Mouse Driver: Mouse
    Keyboard Driver: Keyboard
    Controller Driver: Controller
    Lightgun: LightGun
vid_set_mode: 640x480 VGA with 1 framebuffers.
dc-load console support enabled
maple: attached devices:
  A0: Dreamcast Controller           (01000000: Controller)
  A1: Visual Memory                  (0e000000: Clock, LCD, MemoryCard)
  A2: Puru Puru Pack                 (00010000: JumpPack)
  D0: Keyboard                       (40000000: Keyboard)

cannonball: Config::load cfg=/cd/config.xml
fs_iso9660: disc change detected
cannonball: Config::load failed to read /cd/config.xml
cannonball: Config::load using /pc/config.xml fallback
[VMU] Open file /vmu/a1/CANNON
[VMU] Open file /vmu/a1/CANNON: OK
[VMU] Loaded settings from CANNON (624 bytes)
cannonball: Config::load dreamcast parser done
INFO: SDL2 Dreamcast video initialized: 640x480
Initializing joysticks...
Rumble device found at port 0
Joystick found at port 0
No joystick at port 1
No joystick at port 2
No joystick at port 3
No joystick at port 4
No joystick at port 5
No joystick at port 6
No joystick at port 7
Number of joysticks initialized: 1
INFO: Initializing dreamcast haptic devices...
INFO: Opening audio device
INFO: Buffer size: 4096
INFO: 16-bit PCM audio format enabled
INFO: Dreamcast audio driver initialized
cannonball: audio desired freq=11025 fmt=0x8010 channels=2 samples=1024 obtained freq=11025 fmt=0x8010 channels=2 samples=1024
cannonball: Dreamcast render layout src=320x224 screen=320x240 dst=0,8 320x224 mode=2
INFO: Display modes for Dreamcast retrieved successfully.
INFO: DREAMCAST_CreateWindow: window 640x480 created for native PVR renderer
INFO: Double Buffer video enabled
vid_set_mode: 320x240 VGA with 1 framebuffers.
INFO: Dreamcast PVR
cannonball: renderer=0x8c8ae0a8 name=Dreamcast PVR flags=0xe
cannonball: creating texture 320x240 surface=320x240 src=320x224 dst=320x224
cannonball: created texture=0x8c8ae308 actual=320x240 format=SDL_PIXELFORMAT_RGB565 access=1 renderer=0x8c8ae0a8
cannonball: Dreamcast texture framebuffer surface=320x240 pitch=640 format=SDL_PIXELFORMAT_RGB565
cannonball: state -1 -> 1 frame=1
INFO: Haptic device initialized successfully: Rumble supported!
cannonball: state 1 -> 2 frame=2
cannonball: state 2 -> 3 frame=4
[VMU] Open file /vmu/a1/CANNON
[VMU] Open file /vmu/a1/CANNON: OK
[VMU] Loaded 20 score entries from CANNON (624 bytes)
cannonball: state 3 -> 4 frame=5
cannonball: perf fps=12 avg_ms total=77 tick=14 prep=37 render=16 audio=8 state=4 target_fps=30
cannonball: perf fps=14 avg_ms total=68 tick=1 prep=42 render=16 audio=8 state=4 target_fps=30
cannonball: drawperf fps=14 draw=7
cannonball: renderperf fps=14 update=9
cannonball: perf fps=14 avg_ms total=67 tick=1 prep=42 render=15 audio=8 state=4 target_fps=30
cannonball: perf fps=14 avg_ms total=67 tick=1 prep=42 render=15 audio=7 state=4 target_fps=30
cannonball: drawperf fps=14 draw=6
cannonball: renderperf fps=14 update=8
cannonball: perf fps=14 avg_ms total=68 tick=1 prep=42 render=15 audio=9 state=4 target_fps=30
cannonball: perf fps=14 avg_ms total=70 tick=1 prep=45 render=13 audio=9 state=4 target_fps=30
cannonball: perf fps=16 avg_ms total=61 tick=1 prep=37 render=14 audio=9 state=4 target_fps=30
cannonball: drawperf fps=16 draw=6
cannonball: renderperf fps=16 update=7
cannonball: perf fps=20 avg_ms total=48 tick=1 prep=20 render=17 audio=8 state=4 target_fps=30
cannonball: perf fps=25 avg_ms total=39 tick=1 prep=15 render=13 audio=9 state=4 target_fps=30
cannonball: drawperf fps=24 draw=6
cannonball: renderperf fps=24 update=9
cannonball: perf fps=25 avg_ms total=38 tick=1 prep=12 render=17 audio=8 state=4 target_fps=30
cannonball: perf fps=25 avg_ms total=39 tick=1 prep=13 render=14 audio=9 state=4 target_fps=30
cannonball: perf fps=27 avg_ms total=36 tick=1 prep=11 render=15 audio=8 state=4 target_fps=30
cannonball: drawperf fps=26 draw=6
cannonball: renderperf fps=26 update=8
cannonball: perf fps=27 avg_ms total=36 tick=1 prep=10 render=15 audio=8 state=4 target_fps=30
cannonball: perf fps=26 avg_ms total=38 tick=1 prep=10 render=15 audio=11 state=4 target_fps=30
cannonball: roadperf fps=20 control=1 rows_drawn=74 rows_skipped=149
cannonball: spriteperf fps=20 sprites=64 shadow=57 fullclip=64 rows=1433 rows_1x=112
cannonball: spritezoom cumulative rows=875754
cannonball: spritezoom rank=1 hzoom=0x200 rows=68553 cumulative=68553
cannonball: spritezoom rank=2 hzoom=0x329 rows=63083 cumulative=63083
cannonball: spritezoom rank=3 hzoom=0x2aa rows=34726 cumulative=34726
cannonball: spritezoom rank=4 hzoom=0x230 rows=34564 cumulative=34564
cannonball: spritezoom rank=5 hzoom=0x18f rows=33856 cumulative=33856
cannonball: spritezoom rank=6 hzoom=0x1af rows=33372 cumulative=33372
cannonball: spritezoom rank=7 hzoom=0x1d4 rows=30313 cumulative=30313
cannonball: spritezoom rank=8 hzoom=0x26a rows=30220 cumulative=30220
cannonball: spritezoom rank=9 hzoom=0x288 rows=27480 cumulative=27480
cannonball: spritezoom rank=10 hzoom=0x2f1 rows=22395 cumulative=22395
cannonball: spritezoom rank=11 hzoom=0x214 rows=21172 cumulative=21172
cannonball: spritezoom rank=12 hzoom=0x1f8 rows=20399 cumulative=20399
cannonball: spritezoom cumulative-rank=1 hzoom=0x200 rows=68553
cannonball: spritezoom cumulative-rank=2 hzoom=0x329 rows=63083
cannonball: spritezoom cumulative-rank=3 hzoom=0x2aa rows=34726
cannonball: spritezoom cumulative-rank=4 hzoom=0x230 rows=34564
cannonball: spritezoom cumulative-rank=5 hzoom=0x18f rows=33856
cannonball: spritezoom cumulative-rank=6 hzoom=0x1af rows=33372
cannonball: spritezoom cumulative-rank=7 hzoom=0x1d4 rows=30313
cannonball: spritezoom cumulative-rank=8 hzoom=0x26a rows=30220
cannonball: spritezoom cumulative-rank=9 hzoom=0x288 rows=27480
cannonball: spritezoom cumulative-rank=10 hzoom=0x2f1 rows=22395
cannonball: spritezoom cumulative-rank=11 hzoom=0x214 rows=21172
cannonball: spritezoom cumulative-rank=12 hzoom=0x1f8 rows=20399
cannonball: videoperf fps=20 total=22 tile_update=0 road_bg=2 tile_bg=0 tile_fg=0 road_fg=7 sprites=11 text=0 black=0
cannonball: drawperf fps=26 draw=6
cannonball: renderperf fps=26 update=8
cannonball: perf fps=25 avg_ms total=38 tick=1 prep=11 render=15 audio=10 state=4 target_fps=30
cannonball: perf fps=25 avg_ms total=38 tick=1 prep=11 render=14 audio=11 state=4 target_fps=30
cannonball: perf fps=25 avg_ms total=38 tick=1 prep=11 render=14 audio=11 state=4 target_fps=30
cannonball: drawperf fps=25 draw=6
cannonball: renderperf fps=25 update=8
cannonball: perf fps=25 avg_ms total=38 tick=1 prep=11 render=15 audio=11 state=4 target_fps=30
cannonball: perf fps=25 avg_ms total=39 tick=1 prep=11 render=15 audio=11 state=4 target_fps=30
cannonball: drawperf fps=25 draw=6
cannonball: renderperf fps=25 update=8
cannonball: perf fps=25 avg_ms total=38 tick=1 prep=10 render=16 audio=10 state=4 target_fps=30
cannonball: perf fps=25 avg_ms total=39 tick=1 prep=10 render=16 audio=11 state=4 target_fps=30
cannonball: perf fps=26 avg_ms total=38 tick=1 prep=11 render=14 audio=11 state=4 target_fps=30
cannonball: drawperf fps=25 draw=6
cannonball: renderperf fps=25 update=8
cannonball: perf fps=25 avg_ms total=38 tick=1 prep=11 render=15 audio=11 state=4 target_fps=30
cannonball: perf fps=25 avg_ms total=38 tick=1 prep=11 render=15 audio=11 state=4 target_fps=30
cannonball: drawperf fps=25 draw=6
cannonball: renderperf fps=25 update=8
cannonball: perf fps=25 avg_ms total=38 tick=1 prep=11 render=15 audio=10 state=4 target_fps=30
cannonball: perf fps=25 avg_ms total=38 tick=1 prep=11 render=15 audio=11 state=4 target_fps=30
cannonball: perf fps=25 avg_ms total=39 tick=1 prep=11 render=15 audio=11 state=4 target_fps=30
cannonball: drawperf fps=25 draw=6
cannonball: renderperf fps=25 update=8
cannonball: perf fps=25 avg_ms total=38 tick=1 prep=11 render=14 audio=11 state=4 target_fps=30
cannonball: perf fps=25 avg_ms total=38 tick=1 prep=11 render=15 audio=10 state=4 target_fps=30
cannonball: roadperf fps=25 control=1 rows_drawn=70 rows_skipped=153
cannonball: spriteperf fps=25 sprites=53 shadow=50 fullclip=53 rows=299 rows_1x=66
cannonball: spritezoom cumulative rows=1107314
cannonball: spritezoom rank=1 hzoom=0x200 rows=51033 cumulative=119586
cannonball: spritezoom rank=2 hzoom=0x1f8 rows=37893 cumulative=58292
cannonball: spritezoom rank=3 hzoom=0x1a9 rows=14294 cumulative=28792
cannonball: spritezoom rank=4 hzoom=0x3f0 rows=10133 cumulative=22503
cannonball: spritezoom rank=5 hzoom=0x243 rows=7315 cumulative=19846
cannonball: spritezoom rank=6 hzoom=0x381 rows=6076 cumulative=16119
cannonball: spritezoom rank=7 hzoom=0x329 rows=5389 cumulative=68472
cannonball: spritezoom rank=8 hzoom=0x2a3 rows=5361 cumulative=21491
cannonball: spritezoom rank=9 hzoom=0x303 rows=5023 cumulative=11029
cannonball: spritezoom rank=10 hzoom=0x270 rows=4665 cumulative=12183
cannonball: spritezoom rank=11 hzoom=0x2e0 rows=4491 cumulative=10733
cannonball: spritezoom rank=12 hzoom=0x3d2 rows=3443 cumulative=6693
cannonball: spritezoom cumulative-rank=1 hzoom=0x200 rows=119586
cannonball: spritezoom cumulative-rank=2 hzoom=0x329 rows=68472
cannonball: spritezoom cumulative-rank=3 hzoom=0x1f8 rows=58292
cannonball: spritezoom cumulative-rank=4 hzoom=0x230 rows=36699
cannonball: spritezoom cumulative-rank=5 hzoom=0x2aa rows=34900
cannonball: spritezoom cumulative-rank=6 hzoom=0x18f rows=34286
cannonball: spritezoom cumulative-rank=7 hzoom=0x1af rows=33890
cannonball: spritezoom cumulative-rank=8 hzoom=0x1d4 rows=30807
cannonball: spritezoom cumulative-rank=9 hzoom=0x26a rows=30706
cannonball: spritezoom cumulative-rank=10 hzoom=0x288 rows=29508
cannonball: spritezoom cumulative-rank=11 hzoom=0x1a9 rows=28792
cannonball: spritezoom cumulative-rank=12 hzoom=0x2f1 rows=23897
cannonball: videoperf fps=25 total=11 tile_update=0 road_bg=2 tile_bg=0 tile_fg=0 road_fg=4 sprites=2 text=0 black=0
cannonball: drawperf fps=25 draw=6
cannonball: renderperf fps=25 update=8
cannonball: perf fps=25 avg_ms total=38 tick=1 prep=11 render=14 audio=11 state=4 target_fps=30
cannonball: perf fps=25 avg_ms total=39 tick=1 prep=11 render=15 audio=11 state=4 target_fps=30
cannonball: perf fps=26 avg_ms total=38 tick=1 prep=11 render=14 audio=11 state=4 target_fps=30
cannonball: drawperf fps=25 draw=6
cannonball: renderperf fps=25 update=8
cannonball: perf fps=25 avg_ms total=38 tick=1 prep=11 render=15 audio=10 state=4 target_fps=30
cannonball: perf fps=26 avg_ms total=37 tick=1 prep=11 render=17 audio=7 state=4 target_fps=30
cannonball: drawperf fps=26 draw=6
cannonball: renderperf fps=26 update=9
cannonball: perf fps=26 avg_ms total=37 tick=1 prep=11 render=16 audio=8 state=4 target_fps=30
cannonball: perf fps=26 avg_ms total=37 tick=1 prep=11 render=14 audio=10 state=4 target_fps=30
cannonball: perf fps=25 avg_ms total=39 tick=1 prep=11 render=16 audio=10 state=4 target_fps=30
cannonball: drawperf fps=25 draw=6
cannonball: renderperf fps=25 update=8
cannonball: perf fps=26 avg_ms total=37 tick=1 prep=11 render=15 audio=9 state=4 target_fps=30
cannonball: perf fps=29 avg_ms total=34 tick=1 prep=10 render=15 audio=7 state=4 target_fps=30
cannonball: drawperf fps=27 draw=6
cannonball: renderperf fps=27 update=8
cannonball: perf fps=26 avg_ms total=37 tick=1 prep=11 render=14 audio=10 state=4 target_fps=30
cannonball: perf fps=26 avg_ms total=37 tick=1 prep=11 render=15 audio=10 state=4 target_fps=30
cannonball: perf fps=26 avg_ms total=38 tick=1 prep=11 render=15 audio=10 state=4 target_fps=30
cannonball: drawperf fps=26 draw=6
cannonball: renderperf fps=26 update=8
cannonball: perf fps=29 avg_ms total=34 tick=1 prep=11 render=15 audio=6 state=4 target_fps=30
cannonball: perf fps=27 avg_ms total=36 tick=1 prep=10 render=15 audio=9 state=4 target_fps=30
cannonball: roadperf fps=26 control=1 rows_drawn=69 rows_skipped=154
cannonball: spriteperf fps=26 sprites=51 shadow=48 fullclip=51 rows=303 rows_1x=66
cannonball: spritezoom cumulative rows=1350963
cannonball: spritezoom rank=1 hzoom=0x200 rows=53076 cumulative=172662
cannonball: spritezoom rank=2 hzoom=0x1f8 rows=40757 cumulative=99049
cannonball: spritezoom rank=3 hzoom=0x1a9 rows=15360 cumulative=44152
cannonball: spritezoom rank=4 hzoom=0x3f0 rows=12048 cumulative=34551
cannonball: spritezoom rank=5 hzoom=0x243 rows=6220 cumulative=26066
cannonball: spritezoom rank=6 hzoom=0x381 rows=5259 cumulative=21378
cannonball: spritezoom rank=7 hzoom=0x329 rows=5114 cumulative=73586
cannonball: spritezoom rank=8 hzoom=0x2a3 rows=4387 cumulative=25878
cannonball: spritezoom rank=9 hzoom=0x2e0 rows=4255 cumulative=14988
cannonball: spritezoom rank=10 hzoom=0x270 rows=3813 cumulative=15996
cannonball: spritezoom rank=11 hzoom=0x303 rows=3598 cumulative=14627
cannonball: spritezoom rank=12 hzoom=0x353 rows=3343 cumulative=15301
cannonball: spritezoom cumulative-rank=1 hzoom=0x200 rows=172662
cannonball: spritezoom cumulative-rank=2 hzoom=0x1f8 rows=99049
cannonball: spritezoom cumulative-rank=3 hzoom=0x329 rows=73586
cannonball: spritezoom cumulative-rank=4 hzoom=0x1a9 rows=44152
cannonball: spritezoom cumulative-rank=5 hzoom=0x230 rows=38821
cannonball: spritezoom cumulative-rank=6 hzoom=0x2aa rows=35242
cannonball: spritezoom cumulative-rank=7 hzoom=0x18f rows=34560
cannonball: spritezoom cumulative-rank=8 hzoom=0x3f0 rows=34551
cannonball: spritezoom cumulative-rank=9 hzoom=0x1af rows=34500
cannonball: spritezoom cumulative-rank=10 hzoom=0x288 rows=32113
cannonball: spritezoom cumulative-rank=11 hzoom=0x1d4 rows=31868
cannonball: spritezoom cumulative-rank=12 hzoom=0x26a rows=31237
cannonball: videoperf fps=26 total=11 tile_update=0 road_bg=2 tile_bg=0 tile_fg=0 road_fg=4 sprites=2 text=0 black=0
cannonball: drawperf fps=27 draw=6
cannonball: renderperf fps=27 update=8
cannonball: perf fps=25 avg_ms total=38 tick=1 prep=11 render=15 audio=10 state=4 target_fps=30
cannonball: perf fps=26 avg_ms total=38 tick=0 prep=10 render=16 audio=9 state=4 target_fps=30
cannonball: perf fps=29 avg_ms total=34 tick=0 prep=10 render=15 audio=7 state=4 target_fps=30
cannonball: drawperf fps=28 draw=6
cannonball: renderperf fps=28 update=9
cannonball: perf fps=28 avg_ms total=34 tick=1 prep=9 render=15 audio=8 state=4 target_fps=30
cannonball: perf fps=26 avg_ms total=38 tick=1 prep=10 render=15 audio=10 state=4 target_fps=30
cannonball: drawperf fps=25 draw=6
cannonball: renderperf fps=25 update=8
cannonball: perf fps=25 avg_ms total=39 tick=1 prep=13 render=14 audio=10 state=4 target_fps=30
cannonball: perf fps=21 avg_ms total=46 tick=0 prep=17 render=16 audio=11 state=4 target_fps=30
cannonball: perf fps=20 avg_ms total=47 tick=0 prep=18 render=17 audio=10 state=4 target_fps=30
cannonball: drawperf fps=21 draw=6
cannonball: renderperf fps=21 update=10
cannonball: perf fps=20 avg_ms total=48 tick=0 prep=18 render=18 audio=9 state=4 target_fps=30
cannonball: perf fps=20 avg_ms total=49 tick=0 prep=19 render=18 audio=10 state=4 target_fps=30
cannonball: drawperf fps=20 draw=6
cannonball: renderperf fps=20 update=11
cannonball: perf fps=21 avg_ms total=46 tick=0 prep=19 render=17 audio=9 state=4 target_fps=30
cannonball: perf fps=21 avg_ms total=45 tick=0 prep=19 render=15 audio=9 state=4 target_fps=30
cannonball: perf fps=20 avg_ms total=49 tick=0 prep=19 render=18 audio=10 state=4 target_fps=30
cannonball: drawperf fps=21 draw=6
cannonball: renderperf fps=21 update=10
cannonball: perf fps=21 avg_ms total=47 tick=0 prep=19 render=16 audio=11 state=4 target_fps=30
cannonball: perf fps=20 avg_ms total=48 tick=0 prep=22 render=14 audio=11 state=4 target_fps=30
cannonball: spriteperf fps=23 sprites=30 shadow=23 fullclip=30 rows=741 rows_1x=128
cannonball: spritezoom cumulative rows=1865407
cannonball: spritezoom rank=1 hzoom=0x200 rows=89308 cumulative=261970
cannonball: spritezoom rank=2 hzoom=0x369 rows=73814 cumulative=79602
cannonball: spritezoom rank=3 hzoom=0x151 rows=40902 cumulative=42134
cannonball: spritezoom rank=4 hzoom=0x23e rows=28206 cumulative=30647
cannonball: spritezoom rank=5 hzoom=0x26a rows=22940 cumulative=54177
cannonball: spritezoom rank=6 hzoom=0x194 rows=17652 cumulative=23029
cannonball: spritezoom rank=7 hzoom=0x18f rows=17566 cumulative=52126
cannonball: spritezoom rank=8 hzoom=0x20c rows=17060 cumulative=28672
cannonball: spritezoom rank=9 hzoom=0x21b rows=16512 cumulative=39080
cannonball: spritezoom rank=10 hzoom=0x1cd rows=15027 cumulative=19898
cannonball: spritezoom rank=11 hzoom=0x210 rows=13440 cumulative=15531
cannonball: spritezoom rank=12 hzoom=0x288 rows=12476 cumulative=44589
cannonball: spritezoom cumulative-rank=1 hzoom=0x200 rows=261970
cannonball: spritezoom cumulative-rank=2 hzoom=0x1f8 rows=101948
cannonball: spritezoom cumulative-rank=3 hzoom=0x369 rows=79602
cannonball: spritezoom cumulative-rank=4 hzoom=0x329 rows=75659
cannonball: spritezoom cumulative-rank=5 hzoom=0x26a rows=54177
cannonball: spritezoom cumulative-rank=6 hzoom=0x18f rows=52126
cannonball: spritezoom cumulative-rank=7 hzoom=0x1a9 rows=49139
cannonball: spritezoom cumulative-rank=8 hzoom=0x288 rows=44589
cannonball: spritezoom cumulative-rank=9 hzoom=0x151 rows=42134
cannonball: spritezoom cumulative-rank=10 hzoom=0x230 rows=39750
cannonball: spritezoom cumulative-rank=11 hzoom=0x21b rows=39080
cannonball: spritezoom cumulative-rank=12 hzoom=0x3f0 rows=37555
cannonball: videoperf fps=23 total=15 tile_update=0 road_bg=2 tile_bg=0 tile_fg=0 road_fg=2 sprites=8 text=0 black=0
cannonball: drawperf fps=20 draw=6
cannonball: renderperf fps=20 update=7
cannonball: perf fps=19 avg_ms total=50 tick=0 prep=25 render=13 audio=11 state=4 target_fps=30
cannonball: perf fps=19 avg_ms total=50 tick=0 prep=24 render=13 audio=11 state=4 target_fps=30
cannonball: perf fps=19 avg_ms total=50 tick=0 prep=25 render=13 audio=10 state=4 target_fps=30
cannonball: drawperf fps=19 draw=6
cannonball: renderperf fps=19 update=6
cannonball: perf fps=19 avg_ms total=50 tick=0 prep=25 render=13 audio=11 state=4 target_fps=30
cannonball: perf fps=19 avg_ms total=50 tick=0 prep=25 render=13 audio=11 state=4 target_fps=30
cannonball: drawperf fps=19 draw=6
cannonball: renderperf fps=19 update=6
cannonball: perf fps=19 avg_ms total=50 tick=0 prep=24 render=13 audio=11 state=4 target_fps=30
cannonball: roadperf fps=15 control=1 rows_drawn=67 rows_skipped=134
cannonball: perf fps=16 avg_ms total=59 tick=1 prep=33 render=14 audio=10 state=4 target_fps=30
cannonball: perf fps=16 avg_ms total=59 tick=1 prep=34 render=14 audio=9 state=4 target_fps=30
cannonball: renderperf fps=17 update=7
cannonball: drawperf fps=17 draw=7
[VMU] Open file /vmu/a1/CANNON
[VMU] Open file /vmu/a1/CANNON: OK
[VMU] Unlink file /vmu/a1/CANNON
[VMU] Open file /vmu/a1/CANNON
[VMU] Open file /vmu/a1/CANNON: OK
vmufs_write: padded file 'CANNON' from 1152 to 1536 bytes
[VMU] Saved 20 score entries to CANNON (624 bytes)
cannonball: perf fps=5 avg_ms total=174 tick=115 prep=34 render=14 audio=9 state=4 target_fps=30
cannonball: perf fps=16 avg_ms total=59 tick=1 prep=34 render=13 audio=9 state=4 target_fps=30
cannonball: renderperf fps=9 update=7
cannonball: drawperf fps=9 draw=6
cannonball: perf fps=16 avg_ms total=59 tick=1 prep=34 render=14 audio=9 state=4 target_fps=30
cannonball: perf fps=16 avg_ms total=59 tick=1 prep=34 render=14 audio=9 state=4 target_fps=30
cannonball: renderperf fps=16 update=7
cannonball: drawperf fps=16 draw=6
cannonball: perf fps=16 avg_ms total=59 tick=1 prep=34 render=13 audio=9 state=4 target_fps=30
cannonball: perf fps=16 avg_ms total=59 tick=1 prep=34 render=13 audio=9 state=4 target_fps=30
cannonball: spriteperf fps=16 sprites=66 shadow=39 fullclip=66 rows=2386 rows_1x=770
cannonball: spritezoom cumulative rows=3065854
cannonball: spritezoom rank=1 hzoom=0x200 rows=387715 cumulative=649685
cannonball: spritezoom rank=2 hzoom=0x2aa rows=62235 cumulative=97656
cannonball: spritezoom rank=3 hzoom=0x18f rows=60645 cumulative=112771
cannonball: spritezoom rank=4 hzoom=0x1af rows=56984 cumulative=92056
cannonball: spritezoom rank=5 hzoom=0x230 rows=54967 cumulative=94717
cannonball: spritezoom rank=6 hzoom=0x26a rows=53009 cumulative=107186
cannonball: spritezoom rank=7 hzoom=0x1d4 rows=52202 cumulative=84335
cannonball: spritezoom rank=8 hzoom=0x329 rows=36400 cumulative=112059
cannonball: spritezoom rank=9 hzoom=0x2f1 rows=33351 cumulative=68904
cannonball: spritezoom rank=10 hzoom=0x214 rows=31640 cumulative=56164
cannonball: spritezoom rank=11 hzoom=0x348 rows=29974 cumulative=48026
cannonball: spritezoom rank=12 hzoom=0x35e rows=29960 cumulative=49769
cannonball: spritezoom cumulative-rank=1 hzoom=0x200 rows=649685
cannonball: spritezoom cumulative-rank=2 hzoom=0x18f rows=112771
cannonball: spritezoom cumulative-rank=3 hzoom=0x329 rows=112059
cannonball: spritezoom cumulative-rank=4 hzoom=0x26a rows=107186
cannonball: spritezoom cumulative-rank=5 hzoom=0x1f8 rows=101948
cannonball: spritezoom cumulative-rank=6 hzoom=0x2aa rows=97656
cannonball: spritezoom cumulative-rank=7 hzoom=0x230 rows=94717
cannonball: spritezoom cumulative-rank=8 hzoom=0x1af rows=92056
cannonball: spritezoom cumulative-rank=9 hzoom=0x1d4 rows=84335
cannonball: spritezoom cumulative-rank=10 hzoom=0x369 rows=79602
cannonball: spritezoom cumulative-rank=11 hzoom=0x288 rows=69823
cannonball: spritezoom cumulative-rank=12 hzoom=0x2f1 rows=68904
cannonball: videoperf fps=16 total=30 tile_update=0 road_bg=3 tile_bg=2 tile_fg=2 road_fg=2 sprites=17 text=0 black=0
cannonball: renderperf fps=16 update=7
cannonball: perf fps=16 avg_ms total=60 tick=1 prep=35 render=14 audio=9 state=4 target_fps=30
cannonball: drawperf fps=16 draw=6
cannonball: perf fps=16 avg_ms total=60 tick=1 prep=34 render=15 audio=9 state=4 target_fps=30
cannonball: perf fps=16 avg_ms total=59 tick=1 prep=34 render=14 audio=9 state=4 target_fps=30
cannonball: renderperf fps=16 update=8
cannonball: drawperf fps=16 draw=6
cannonball: perf fps=16 avg_ms total=59 tick=1 prep=34 render=14 audio=9 state=4 target_fps=30
cannonball: perf fps=16 avg_ms total=59 tick=1 prep=34 render=14 audio=9 state=4 target_fps=30
cannonball: renderperf fps=16 update=7
cannonball: drawperf fps=16 draw=6
cannonball: perf fps=16 avg_ms total=59 tick=1 prep=34 render=14 audio=8 state=4 target_fps=30
cannonball: roadperf fps=15 control=1 rows_drawn=33 rows_skipped=190
cannonball: perf fps=16 avg_ms total=59 tick=1 prep=34 render=14 audio=8 state=4 target_fps=30
cannonball: perf fps=16 avg_ms total=59 tick=1 prep=34 render=14 audio=9 state=4 target_fps=30
cannonball: renderperf fps=16 update=7
cannonball: drawperf fps=16 draw=6
cannonball: perf fps=16 avg_ms total=59 tick=1 prep=34 render=14 audio=9 state=4 target_fps=30
cannonball: perf fps=16 avg_ms total=59 tick=1 prep=34 render=14 audio=9 state=4 target_fps=30
cannonball: renderperf fps=16 update=7
cannonball: drawperf fps=16 draw=6
cannonball: perf fps=16 avg_ms total=59 tick=1 prep=34 render=14 audio=9 state=4 target_fps=30
cannonball: perf fps=16 avg_ms total=59 tick=1 prep=34 render=15 audio=8 state=4 target_fps=30
cannonball: perf fps=16 avg_ms total=59 tick=1 prep=34 render=14 audio=9 state=4 target_fps=30
cannonball: renderperf fps=16 update=7
cannonball: drawperf fps=16 draw=6
cannonball: perf fps=16 avg_ms total=59 tick=1 prep=34 render=14 audio=9 state=4 target_fps=30
cannonball: perf fps=16 avg_ms total=59 tick=1 prep=34 render=14 audio=9 state=4 target_fps=30
cannonball: spriteperf fps=16 sprites=71 shadow=71 fullclip=71 rows=3066 rows_1x=176
cannonball: spritezoom cumulative rows=4608052
cannonball: spritezoom rank=1 hzoom=0x2aa rows=111666 cumulative=209322
cannonball: spritezoom rank=2 hzoom=0x18f rows=108648 cumulative=221419
cannonball: spritezoom rank=3 hzoom=0x1af rows=102109 cumulative=194165
cannonball: spritezoom rank=4 hzoom=0x230 rows=98588 cumulative=193305
cannonball: spritezoom rank=5 hzoom=0x26a rows=95067 cumulative=202253
cannonball: spritezoom rank=6 hzoom=0x1d4 rows=93558 cumulative=177893
cannonball: spritezoom rank=7 hzoom=0x200 rows=88528 cumulative=738213
cannonball: spritezoom rank=8 hzoom=0x329 rows=65390 cumulative=177449
cannonball: spritezoom rank=9 hzoom=0x2f1 rows=59857 cumulative=128761
cannonball: spritezoom rank=10 hzoom=0x214 rows=56839 cumulative=113003
cannonball: spritezoom rank=11 hzoom=0x348 rows=53821 cumulative=101847
cannonball: spritezoom rank=12 hzoom=0x35e rows=53821 cumulative=103590
cannonball: spritezoom cumulative-rank=1 hzoom=0x200 rows=738213
cannonball: spritezoom cumulative-rank=2 hzoom=0x18f rows=221419
cannonball: spritezoom cumulative-rank=3 hzoom=0x2aa rows=209322
cannonball: spritezoom cumulative-rank=4 hzoom=0x26a rows=202253
cannonball: spritezoom cumulative-rank=5 hzoom=0x1af rows=194165
cannonball: spritezoom cumulative-rank=6 hzoom=0x230 rows=193305
cannonball: spritezoom cumulative-rank=7 hzoom=0x1d4 rows=177893
cannonball: spritezoom cumulative-rank=8 hzoom=0x329 rows=177449
cannonball: spritezoom cumulative-rank=9 hzoom=0x2f1 rows=128761
cannonball: spritezoom cumulative-rank=10 hzoom=0x288 rows=115093
cannonball: spritezoom cumulative-rank=11 hzoom=0x214 rows=113003
cannonball: spritezoom cumulative-rank=12 hzoom=0x39b rows=109278
cannonball: videoperf fps=16 total=34 tile_update=0 road_bg=3 tile_bg=1 tile_fg=1 road_fg=4 sprites=22 text=1 black=0
cannonball: renderperf fps=16 update=7
cannonball: drawperf fps=16 draw=6
cannonball: perf fps=16 avg_ms total=59 tick=1 prep=34 render=15 audio=9 state=4 target_fps=30
cannonball: perf fps=16 avg_ms total=59 tick=1 prep=34 render=14 audio=9 state=4 target_fps=30
cannonball: perf fps=16 avg_ms total=59 tick=1 prep=34 render=14 audio=9 state=4 target_fps=30
cannonball: renderperf fps=16 update=7
cannonball: drawperf fps=16 draw=6
cannonball: perf fps=16 avg_ms total=60 tick=1 prep=34 render=14 audio=10 state=4 target_fps=30
cannonball: perf fps=16 avg_ms total=59 tick=1 prep=34 render=13 audio=10 state=4 target_fps=30
cannonball: renderperf fps=16 update=7
cannonball: drawperf fps=16 draw=6
cannonball: perf fps=16 avg_ms total=59 tick=1 prep=34 render=16 audio=7 state=4 target_fps=30
cannonball: roadperf fps=16 control=1 rows_drawn=34 rows_skipped=190
cannonball: perf fps=16 avg_ms total=59 tick=1 prep=34 render=14 audio=9 state=4 target_fps=30
cannonball: perf fps=16 avg_ms total=59 tick=1 prep=34 render=13 audio=9 state=4 target_fps=30
cannonball: renderperf fps=16 update=7
cannonball: drawperf fps=16 draw=6
cannonball: perf fps=17 avg_ms total=58 tick=1 prep=34 render=14 audio=8 state=4 target_fps=30
cannonball: perf fps=16 avg_ms total=59 tick=1 prep=34 render=15 audio=8 state=4 target_fps=30
cannonball: renderperf fps=16 update=8
cannonball: drawperf fps=16 draw=6
cannonball: perf fps=16 avg_ms total=59 tick=1 prep=34 render=14 audio=8 state=4 target_fps=30
cannonball: perf fps=16 avg_ms total=59 tick=1 prep=34 render=13 audio=9 state=4 target_fps=30
cannonball: perf fps=16 avg_ms total=59 tick=1 prep=34 render=15 audio=7 state=4 target_fps=30
cannonball: renderperf fps=16 update=7
cannonball: drawperf fps=16 draw=6
cannonball: perf fps=16 avg_ms total=59 tick=1 prep=34 render=14 audio=9 state=4 target_fps=30
cannonball: ending cycle completed, calling arch_exit()
INFO: Double Buffer video enabled
vid_set_mode: 640x480 VGA with 1 framebuffers.
Program returned 0
