Connecting to 192.168.0.128...
dc-load-ip 3.0.1 using Broadband Adapter (HIT-0400)
Console enabled
Upload <cannonball.elf>
File format is ELF, start address is 0x8c010000
Section .text, lma 0x8c010000, size 1722072
Section .init, lma 0x8c1b6000, size 54
Section .fini, lma 0x8c1b6038, size 42
Section .rodata, lma 0x8c1b6080, size 177584
Section .eh_frame, lma 0x8c1e1630, size 97692
Section .gcc_except_table, lma 0x8c1f93cc, size 11265
Section .ctors, lma 0x8c1fc050, size 52
Section .dtors, lma 0x8c1fc084, size 8
Section .data, lma 0x8c1fc08c, size 12952
Section .got, lma 0x8c1ff324, size 12
Transferred 2021733 bytes at 4786005 bytes / sec
Executing at 0x8c010000
Sending execute command (0xac010000, console=1, cdfsredir=0)...argv(1, argv0="cannonball.elf")...executing

--
KallistiOS v2.3.0 [dreamcast/pristine]
  Git revision: fcfa7d86
  Mon Sep 14 01:18:49 PM MST 2026
  gpf@gpf-B550-Phantom-Gaming-4-ac:/opt/toolchains/dc/kos
  sh-elf-gcc (GCC) 17.0.0 20260703 (experimental)
maple: active drivers:
    Dreameye (Camera): Camera
    Sound Input Peripheral: Microphone
    PuruPuru (Vibration) Pack: JumpPack
    VMU Driver: Clock, LCD, MemoryCard
    Mouse Driver: Mouse
    Keyboard Driver: Keyboard
    Controller Driver: Controller
    Lightgun: LightGun
vid_set_mode: 640x480 VGA with 1 framebuffers.
dc-load console support enabled
maple: attached devices:
  A0: Dreamcast Controller           (01000000: Controller)
  A1: Visual Memory                  (0e000000: Clock, LCD, MemoryCard)
  D0: Keyboard                       (40000000: Keyboard)

cannonball: Config::load cfg=/cd/config.xml
fs_iso9660: disc change detected
cannonball: Config::load failed to read /cd/config.xml
cannonball: Config::load using /pc/config.xml fallback
[VMU] Open file /vmu/a1/CANNON
[VMU] Open file /vmu/a1/CANNON: OK
[VMU] Loaded settings from CANNON (624 bytes)
cannonball: Config::load dreamcast parser done
INFO: SDL2 Dreamcast video initialized: 640x480
Initializing joysticks...
No rumble device at port 0
Joystick found at port 0
No joystick at port 1
No joystick at port 2
No joystick at port 3
No joystick at port 4
No joystick at port 5
No joystick at port 6
No joystick at port 7
Number of joysticks initialized: 1
INFO: Initializing dreamcast haptic devices...
INFO: Opening audio device
INFO: Buffer size: 4096
INFO: 16-bit PCM audio format enabled
INFO: Dreamcast audio driver initialized
cannonball: audio desired freq=11025 fmt=0x8010 channels=2 samples=1024 obtained freq=11025 fmt=0x8010 channels=2 samples=1024
cannonball: Dreamcast render layout src=320x224 screen=320x240 dst=0,8 320x224 mode=2
INFO: Display modes for Dreamcast retrieved successfully.
INFO: DREAMCAST_CreateWindow: window 640x480 created for native PVR renderer
INFO: Double Buffer video enabled
vid_set_mode: 320x240 VGA with 1 framebuffers.
INFO: Dreamcast PVR
cannonball: renderer=0x8c8adc88 name=Dreamcast PVR flags=0xe
cannonball: creating texture 320x240 surface=320x240 src=320x224 dst=320x224
cannonball: created texture=0x8c8adee8 actual=320x240 format=SDL_PIXELFORMAT_RGB565 access=1 renderer=0x8c8adc88
cannonball: Dreamcast texture framebuffer surface=320x240 pitch=640 format=SDL_PIXELFORMAT_RGB565
cannonball: state -1 -> 1 frame=1
cannonball: state 1 -> 2 frame=2
cannonball: state 2 -> 3 frame=4
[VMU] Open file /vmu/a1/CANNON
[VMU] Open file /vmu/a1/CANNON: OK
[VMU] Loaded 20 score entries from CANNON (624 bytes)
cannonball: state 3 -> 4 frame=5
cannonball: perf fps=15 avg_ms total=63 tick=11 prep=31 render=11 audio=8 state=4 target_fps=30
cannonball: perf fps=18 avg_ms total=53 tick=1 prep=34 render=10 audio=7 state=4 target_fps=30
cannonball: drawperf fps=17 draw=7
cannonball: renderperf fps=17 update=3
cannonball: perf fps=18 avg_ms total=53 tick=1 prep=34 render=10 audio=7 state=4 target_fps=30
cannonball: perf fps=18 avg_ms total=54 tick=1 prep=34 render=10 audio=8 state=4 target_fps=30
cannonball: drawperf fps=18 draw=6
cannonball: renderperf fps=18 update=3
cannonball: perf fps=18 avg_ms total=54 tick=1 prep=34 render=10 audio=9 state=4 target_fps=30
cannonball: perf fps=24 avg_ms total=40 tick=1 prep=21 render=10 audio=7 state=4 target_fps=30
cannonball: perf fps=29 avg_ms total=34 tick=0 prep=13 render=10 audio=9 state=4 target_fps=30
cannonball: renderperf fps=27 update=3
cannonball: drawperf fps=27 draw=6
cannonball: perf fps=30 avg_ms total=33 tick=1 prep=13 render=10 audio=8 state=4 target_fps=30
cannonball: perf fps=28 avg_ms total=35 tick=1 prep=14 render=10 audio=9 state=4 target_fps=30
cannonball: renderperf fps=29 update=3
cannonball: drawperf fps=29 draw=6
cannonball: perf fps=29 avg_ms total=33 tick=1 prep=14 render=10 audio=7 state=4 target_fps=30
cannonball: perf fps=28 avg_ms total=35 tick=1 prep=15 render=10 audio=8 state=4 target_fps=30
cannonball: perf fps=26 avg_ms total=37 tick=0 prep=15 render=10 audio=10 state=4 target_fps=30
cannonball: renderperf fps=27 update=3
cannonball: drawperf fps=27 draw=6
cannonball: perf fps=26 avg_ms total=37 tick=1 prep=16 render=10 audio=9 state=4 target_fps=30
cannonball: perf fps=26 avg_ms total=37 tick=1 prep=15 render=10 audio=10 state=4 target_fps=30
cannonball: roadperf fps=24 control=1 rows_drawn=72 rows_skipped=151
cannonball: spriteperf fps=24 sprites=54 shadow=49 fullclip=54 rows=1538 rows_1x=105
cannonball: spritezoom cumulative rows=1123112
cannonball: spritezoom rank=1 hzoom=0x200 rows=76997 cumulative=76997
cannonball: spritezoom rank=2 hzoom=0x329 rows=69981 cumulative=69981
cannonball: spritezoom rank=3 hzoom=0x230 rows=37635 cumulative=37635
cannonball: spritezoom rank=4 hzoom=0x18f rows=37025 cumulative=37025
cannonball: spritezoom rank=5 hzoom=0x2aa rows=36185 cumulative=36185
cannonball: spritezoom rank=6 hzoom=0x1af rows=35600 cumulative=35600
cannonball: spritezoom rank=7 hzoom=0x26a rows=31857 cumulative=31857
cannonball: spritezoom rank=8 hzoom=0x1d4 rows=31775 cumulative=31775
cannonball: spritezoom rank=9 hzoom=0x288 rows=31275 cumulative=31275
cannonball: spritezoom rank=10 hzoom=0x3f0 rows=27536 cumulative=27536
cannonball: spritezoom rank=11 hzoom=0x2f1 rows=25194 cumulative=25194
cannonball: spritezoom rank=12 hzoom=0x2a3 rows=24230 cumulative=24230
cannonball: spritezoom cumulative-rank=1 hzoom=0x200 rows=76997
cannonball: spritezoom cumulative-rank=2 hzoom=0x329 rows=69981
cannonball: spritezoom cumulative-rank=3 hzoom=0x230 rows=37635
cannonball: spritezoom cumulative-rank=4 hzoom=0x18f rows=37025
cannonball: spritezoom cumulative-rank=5 hzoom=0x2aa rows=36185
cannonball: spritezoom cumulative-rank=6 hzoom=0x1af rows=35600
cannonball: spritezoom cumulative-rank=7 hzoom=0x26a rows=31857
cannonball: spritezoom cumulative-rank=8 hzoom=0x1d4 rows=31775
cannonball: spritezoom cumulative-rank=9 hzoom=0x288 rows=31275
cannonball: spritezoom cumulative-rank=10 hzoom=0x3f0 rows=27536
cannonball: spritezoom cumulative-rank=11 hzoom=0x2f1 rows=25194
cannonball: spritezoom cumulative-rank=12 hzoom=0x2a3 rows=24230
cannonball: videoperf fps=24 total=19 tile_update=0 road_bg=2 tile_bg=1 tile_fg=0 road_fg=4 sprites=10 text=0 black=0
cannonball: renderperf fps=26 update=3
cannonball: drawperf fps=26 draw=6
cannonball: perf fps=25 avg_ms total=38 tick=0 prep=15 render=11 audio=10 state=4 target_fps=30
cannonball: perf fps=27 avg_ms total=35 tick=1 prep=13 render=10 audio=10 state=4 target_fps=30
cannonball: perf fps=28 avg_ms total=35 tick=1 prep=13 render=9 audio=10 state=4 target_fps=30
cannonball: renderperf fps=28 update=3
cannonball: drawperf fps=28 draw=6
cannonball: perf fps=29 avg_ms total=34 tick=0 prep=12 render=9 audio=10 state=4 target_fps=30
cannonball: perf fps=28 avg_ms total=35 tick=1 prep=13 render=9 audio=10 state=4 target_fps=30
cannonball: renderperf fps=28 update=3
cannonball: drawperf fps=28 draw=6
cannonball: perf fps=28 avg_ms total=35 tick=0 prep=13 render=9 audio=10 state=4 target_fps=30
cannonball: perf fps=27 avg_ms total=36 tick=1 prep=14 render=10 audio=10 state=4 target_fps=30
cannonball: perf fps=27 avg_ms total=36 tick=1 prep=15 render=9 audio=10 state=4 target_fps=30
cannonball: renderperf fps=27 update=3
cannonball: drawperf fps=27 draw=6
cannonball: perf fps=27 avg_ms total=36 tick=1 prep=14 render=10 audio=10 state=4 target_fps=30
cannonball: perf fps=27 avg_ms total=36 tick=1 prep=13 render=10 audio=10 state=4 target_fps=30
cannonball: renderperf fps=28 update=3
cannonball: drawperf fps=28 draw=6
cannonball: perf fps=30 avg_ms total=33 tick=0 prep=11 render=10 audio=10 state=4 target_fps=30
cannonball: perf fps=28 avg_ms total=34 tick=0 prep=12 render=10 audio=10 state=4 target_fps=30
cannonball: perf fps=27 avg_ms total=36 tick=1 prep=14 render=10 audio=10 state=4 target_fps=30
cannonball: renderperf fps=28 update=3
cannonball: drawperf fps=28 draw=6
cannonball: perf fps=27 avg_ms total=35 tick=0 prep=13 render=10 audio=10 state=4 target_fps=30
cannonball: perf fps=29 avg_ms total=34 tick=0 prep=12 render=10 audio=10 state=4 target_fps=30
cannonball: roadperf fps=28 control=1 rows_drawn=75 rows_skipped=148
cannonball: spriteperf fps=28 sprites=37 shadow=26 fullclip=37 rows=461 rows_1x=66
cannonball: spritezoom cumulative rows=1514110
cannonball: spritezoom rank=1 hzoom=0x200 rows=55902 cumulative=132899
cannonball: spritezoom rank=2 hzoom=0x1f8 rows=47584 cumulative=53858
cannonball: spritezoom rank=3 hzoom=0x3f0 rows=21432 cumulative=48968
cannonball: spritezoom rank=4 hzoom=0x2a3 rows=15795 cumulative=40025
cannonball: spritezoom rank=5 hzoom=0x1a9 rows=15635 cumulative=34799
cannonball: spritezoom rank=6 hzoom=0x243 rows=15534 cumulative=35683
cannonball: spritezoom rank=7 hzoom=0x329 rows=12870 cumulative=82851
cannonball: spritezoom rank=8 hzoom=0x381 rows=12822 cumulative=29673
cannonball: spritezoom rank=9 hzoom=0x270 rows=11345 cumulative=25806
cannonball: spritezoom rank=10 hzoom=0x2e0 rows=10542 cumulative=25543
cannonball: spritezoom rank=11 hzoom=0x303 rows=10348 cumulative=20516
cannonball: spritezoom rank=12 hzoom=0x21b rows=9368 cumulative=32127
cannonball: spritezoom cumulative-rank=1 hzoom=0x200 rows=132899
cannonball: spritezoom cumulative-rank=2 hzoom=0x329 rows=82851
cannonball: spritezoom cumulative-rank=3 hzoom=0x1f8 rows=53858
cannonball: spritezoom cumulative-rank=4 hzoom=0x3f0 rows=48968
cannonball: spritezoom cumulative-rank=5 hzoom=0x230 rows=42725
cannonball: spritezoom cumulative-rank=6 hzoom=0x2a3 rows=40025
cannonball: spritezoom cumulative-rank=7 hzoom=0x18f rows=37353
cannonball: spritezoom cumulative-rank=8 hzoom=0x2aa rows=36436
cannonball: spritezoom cumulative-rank=9 hzoom=0x1af rows=36127
cannonball: spritezoom cumulative-rank=10 hzoom=0x288 rows=35720
cannonball: spritezoom cumulative-rank=11 hzoom=0x243 rows=35683
cannonball: spritezoom cumulative-rank=12 hzoom=0x1a9 rows=34799
cannonball: videoperf fps=28 total=13 tile_update=0 road_bg=2 tile_bg=1 tile_fg=0 road_fg=4 sprites=3 text=0 black=0
cannonball: renderperf fps=28 update=3
cannonball: drawperf fps=28 draw=6
cannonball: perf fps=30 avg_ms total=32 tick=0 prep=12 render=10 audio=8 state=4 target_fps=30
cannonball: perf fps=32 avg_ms total=30 tick=0 prep=11 render=10 audio=7 state=4 target_fps=30
cannonball: perf fps=27 avg_ms total=36 tick=1 prep=14 render=10 audio=10 state=4 target_fps=30
cannonball: drawperf fps=30 draw=6
cannonball: renderperf fps=30 update=3
cannonball: perf fps=26 avg_ms total=38 tick=1 prep=16 render=10 audio=9 state=4 target_fps=30
cannonball: perf fps=26 avg_ms total=38 tick=1 prep=18 render=10 audio=8 state=4 target_fps=30
cannonball: drawperf fps=25 draw=6
cannonball: renderperf fps=25 update=3
cannonball: perf fps=27 avg_ms total=36 tick=0 prep=17 render=10 audio=7 state=4 target_fps=30
cannonball: perf fps=30 avg_ms total=32 tick=0 prep=11 render=10 audio=10 state=4 target_fps=30
cannonball: perf fps=33 avg_ms total=29 tick=0 prep=9 render=10 audio=9 state=4 target_fps=30
cannonball: drawperf fps=32 draw=6
cannonball: renderperf fps=32 update=3
cannonball: perf fps=30 avg_ms total=32 tick=0 prep=7 render=10 audio=13 state=4 target_fps=30
cannonball: perf fps=30 avg_ms total=32 tick=0 prep=7 render=10 audio=13 state=4 target_fps=30
cannonball: drawperf fps=29 draw=6
cannonball: renderperf fps=29 update=4
cannonball: perf fps=29 avg_ms total=33 tick=0 prep=8 render=10 audio=14 state=4 target_fps=30
cannonball: perf fps=30 avg_ms total=32 tick=0 prep=9 render=10 audio=12 state=4 target_fps=30
cannonball: stage advanced 0 -> 1, stage_lookup_off=9, advance 1/2
cannonball: perf fps=28 avg_ms total=34 tick=0 prep=12 render=10 audio=11 state=4 target_fps=30
cannonball: drawperf fps=29 draw=6
cannonball: renderperf fps=29 update=3
cannonball: perf fps=26 avg_ms total=37 tick=1 prep=18 render=10 audio=7 state=4 target_fps=30
cannonball: perf fps=23 avg_ms total=42 tick=1 prep=19 render=10 audio=10 state=4 target_fps=30
cannonball: roadperf fps=28 control=1 rows_drawn=76 rows_skipped=147
cannonball: spriteperf fps=28 sprites=24 shadow=20 fullclip=24 rows=409 rows_1x=66
cannonball: spritezoom cumulative rows=1869117
cannonball: spritezoom rank=1 hzoom=0x200 rows=58008 cumulative=190907
cannonball: spritezoom rank=2 hzoom=0x1f8 rows=34693 cumulative=88551
cannonball: spritezoom rank=3 hzoom=0x1a9 rows=16032 cumulative=50831
cannonball: spritezoom rank=4 hzoom=0x3f0 rows=11946 cumulative=60914
cannonball: spritezoom rank=5 hzoom=0x243 rows=8960 cumulative=44643
cannonball: spritezoom rank=6 hzoom=0x303 rows=8399 cumulative=28915
cannonball: spritezoom rank=7 hzoom=0x381 rows=7742 cumulative=37415
cannonball: spritezoom rank=8 hzoom=0x270 rows=7358 cumulative=33164
cannonball: spritezoom rank=9 hzoom=0x1e1 rows=7333 cumulative=12966
cannonball: spritezoom rank=10 hzoom=0x2e0 rows=7186 cumulative=32729
cannonball: spritezoom rank=11 hzoom=0x20c rows=7085 cumulative=27797
cannonball: spritezoom rank=12 hzoom=0x2a3 rows=6630 cumulative=46655
cannonball: spritezoom cumulative-rank=1 hzoom=0x200 rows=190907
cannonball: spritezoom cumulative-rank=2 hzoom=0x1f8 rows=88551
cannonball: spritezoom cumulative-rank=3 hzoom=0x329 rows=88367
cannonball: spritezoom cumulative-rank=4 hzoom=0x3f0 rows=60914
cannonball: spritezoom cumulative-rank=5 hzoom=0x1a9 rows=50831
cannonball: spritezoom cumulative-rank=6 hzoom=0x230 rows=47301
cannonball: spritezoom cumulative-rank=7 hzoom=0x2a3 rows=46655
cannonball: spritezoom cumulative-rank=8 hzoom=0x243 rows=44643
cannonball: spritezoom cumulative-rank=9 hzoom=0x18f rows=38606
cannonball: spritezoom cumulative-rank=10 hzoom=0x2aa rows=37827
cannonball: spritezoom cumulative-rank=11 hzoom=0x288 rows=37745
cannonball: spritezoom cumulative-rank=12 hzoom=0x381 rows=37415
cannonball: videoperf fps=28 total=12 tile_update=0 road_bg=2 tile_bg=0 tile_fg=0 road_fg=4 sprites=3 text=0 black=0
cannonball: drawperf fps=24 draw=6
cannonball: renderperf fps=24 update=3
cannonball: perf fps=24 avg_ms total=40 tick=1 prep=19 render=10 audio=10 state=4 target_fps=30
cannonball: perf fps=23 avg_ms total=41 tick=1 prep=19 render=10 audio=11 state=4 target_fps=30
cannonball: perf fps=17 avg_ms total=57 tick=1 prep=35 render=9 audio=10 state=4 target_fps=30
cannonball: drawperf fps=20 draw=6
cannonball: renderperf fps=20 update=3
cannonball: perf fps=16 avg_ms total=60 tick=1 prep=37 render=10 audio=11 state=4 target_fps=30
cannonball: perf fps=16 avg_ms total=60 tick=1 prep=38 render=10 audio=10 state=4 target_fps=30
cannonball: drawperf fps=16 draw=6
cannonball: renderperf fps=16 update=3
cannonball: perf fps=17 avg_ms total=58 tick=1 prep=36 render=9 audio=10 state=4 target_fps=30
cannonball: perf fps=20 avg_ms total=48 tick=1 prep=26 render=11 audio=9 state=4 target_fps=30
cannonball: perf fps=18 avg_ms total=55 tick=1 prep=34 render=10 audio=9 state=4 target_fps=30
cannonball: drawperf fps=18 draw=6
cannonball: renderperf fps=18 update=3
cannonball: perf fps=15 avg_ms total=66 tick=1 prep=44 render=9 audio=10 state=4 target_fps=30
cannonball: perf fps=13 avg_ms total=72 tick=1 prep=49 render=10 audio=11 state=4 target_fps=30
cannonball: drawperf fps=14 draw=6
cannonball: renderperf fps=14 update=3
cannonball: perf fps=13 avg_ms total=72 tick=1 prep=50 render=10 audio=10 state=4 target_fps=30
cannonball: perf fps=13 avg_ms total=71 tick=1 prep=49 render=9 audio=10 state=4 target_fps=30
cannonball: perf fps=14 avg_ms total=70 tick=1 prep=48 render=10 audio=10 state=4 target_fps=30
cannonball: drawperf fps=14 draw=6
cannonball: renderperf fps=14 update=3
cannonball: perf fps=14 avg_ms total=70 tick=1 prep=47 render=10 audio=11 state=4 target_fps=30
cannonball: perf fps=15 avg_ms total=64 tick=1 prep=42 render=10 audio=11 state=4 target_fps=30
cannonball: roadperf fps=16 control=1 rows_drawn=138 rows_skipped=85
cannonball: spriteperf fps=16 sprites=60 shadow=57 fullclip=60 rows=1294 rows_1x=70
cannonball: spritezoom cumulative rows=2517767
cannonball: spritezoom rank=1 hzoom=0x1f8 rows=43638 cumulative=132189
cannonball: spritezoom rank=2 hzoom=0x200 rows=35432 cumulative=226339
cannonball: spritezoom rank=3 hzoom=0x3f0 rows=24166 cumulative=85080
cannonball: spritezoom rank=4 hzoom=0x303 rows=18589 cumulative=47504
cannonball: spritezoom rank=5 hzoom=0x1e1 rows=17376 cumulative=30342
cannonball: spritezoom rank=6 hzoom=0x199 rows=17186 cumulative=28531
cannonball: spritezoom rank=7 hzoom=0x243 rows=16251 cumulative=60894
cannonball: spritezoom rank=8 hzoom=0x381 rows=15765 cumulative=53180
cannonball: spritezoom rank=9 hzoom=0x295 rows=14452 cumulative=29729
cannonball: spritezoom rank=10 hzoom=0x2a3 rows=13928 cumulative=60583
cannonball: spritezoom rank=11 hzoom=0x234 rows=13397 cumulative=29849
cannonball: spritezoom rank=12 hzoom=0x1a9 rows=13152 cumulative=63983
cannonball: spritezoom cumulative-rank=1 hzoom=0x200 rows=226339
cannonball: spritezoom cumulative-rank=2 hzoom=0x1f8 rows=132189
cannonball: spritezoom cumulative-rank=3 hzoom=0x329 rows=100194
cannonball: spritezoom cumulative-rank=4 hzoom=0x3f0 rows=85080
cannonball: spritezoom cumulative-rank=5 hzoom=0x1a9 rows=63983
cannonball: spritezoom cumulative-rank=6 hzoom=0x243 rows=60894
cannonball: spritezoom cumulative-rank=7 hzoom=0x2a3 rows=60583
cannonball: spritezoom cumulative-rank=8 hzoom=0x230 rows=57859
cannonball: spritezoom cumulative-rank=9 hzoom=0x381 rows=53180
cannonball: spritezoom cumulative-rank=10 hzoom=0x21b rows=47670
cannonball: spritezoom cumulative-rank=11 hzoom=0x303 rows=47504
cannonball: spritezoom cumulative-rank=12 hzoom=0x270 rows=45692
cannonball: videoperf fps=16 total=37 tile_update=0 road_bg=1 tile_bg=0 tile_fg=0 road_fg=18 sprites=15 text=0 black=0
cannonball: drawperf fps=15 draw=6
cannonball: renderperf fps=15 update=3
cannonball: perf fps=18 avg_ms total=53 tick=1 prep=30 render=10 audio=11 state=4 target_fps=30
cannonball: perf fps=19 avg_ms total=51 tick=1 prep=28 render=10 audio=10 state=4 target_fps=30
cannonball: perf fps=16 avg_ms total=62 tick=1 prep=40 render=9 audio=11 state=4 target_fps=30
cannonball: drawperf fps=17 draw=6
cannonball: renderperf fps=17 update=3
cannonball: perf fps=14 avg_ms total=70 tick=1 prep=48 render=10 audio=10 state=4 target_fps=30
cannonball: perf fps=14 avg_ms total=69 tick=1 prep=47 render=9 audio=10 state=4 target_fps=30
cannonball: drawperf fps=14 draw=6
cannonball: renderperf fps=14 update=3
cannonball: perf fps=14 avg_ms total=69 tick=1 prep=47 render=10 audio=10 state=4 target_fps=30
cannonball: perf fps=14 avg_ms total=68 tick=1 prep=47 render=9 audio=10 state=4 target_fps=30
cannonball: perf fps=14 avg_ms total=70 tick=1 prep=47 render=10 audio=11 state=4 target_fps=30
cannonball: drawperf fps=14 draw=6
cannonball: renderperf fps=14 update=3
cannonball: perf fps=14 avg_ms total=70 tick=1 prep=48 render=10 audio=10 state=4 target_fps=30
cannonball: perf fps=16 avg_ms total=59 tick=1 prep=38 render=10 audio=10 state=4 target_fps=30
cannonball: drawperf fps=15 draw=6
cannonball: renderperf fps=15 update=3
cannonball: perf fps=17 avg_ms total=57 tick=1 prep=35 render=10 audio=10 state=4 target_fps=30
cannonball: perf fps=16 avg_ms total=59 tick=1 prep=37 render=10 audio=10 state=4 target_fps=30
cannonball: perf fps=15 avg_ms total=63 tick=1 prep=40 render=11 audio=10 state=4 target_fps=30
cannonball: drawperf fps=16 draw=6
cannonball: renderperf fps=16 update=3
cannonball: perf fps=14 avg_ms total=68 tick=1 prep=46 render=10 audio=10 state=4 target_fps=30
cannonball: perf fps=17 avg_ms total=58 tick=1 prep=36 render=10 audio=10 state=4 target_fps=30
cannonball: roadperf fps=15 control=1 rows_drawn=153 rows_skipped=70
cannonball: spriteperf fps=15 sprites=56 shadow=52 fullclip=56 rows=1380 rows_1x=62
cannonball: spritezoom cumulative rows=3176146
cannonball: spritezoom rank=1 hzoom=0x1f8 rows=38068 cumulative=170257
cannonball: spritezoom rank=2 hzoom=0x3f0 rows=30204 cumulative=115284
cannonball: spritezoom rank=3 hzoom=0x200 rows=29837 cumulative=256176
cannonball: spritezoom rank=4 hzoom=0x186 rows=26986 cumulative=37688
cannonball: spritezoom rank=5 hzoom=0x20c rows=25969 cumulative=66631
cannonball: spritezoom rank=6 hzoom=0x2e8 rows=15960 cumulative=25104
cannonball: spritezoom rank=7 hzoom=0x270 rows=15958 cumulative=61650
cannonball: spritezoom rank=8 hzoom=0x2c0 rows=13764 cumulative=44172
cannonball: spritezoom rank=9 hzoom=0x381 rows=13069 cumulative=66249
cannonball: spritezoom rank=10 hzoom=0x2a3 rows=12494 cumulative=73077
cannonball: spritezoom rank=11 hzoom=0x243 rows=12382 cumulative=73276
cannonball: spritezoom rank=12 hzoom=0x1a9 rows=12003 cumulative=75986
cannonball: spritezoom cumulative-rank=1 hzoom=0x200 rows=256176
cannonball: spritezoom cumulative-rank=2 hzoom=0x1f8 rows=170257
cannonball: spritezoom cumulative-rank=3 hzoom=0x3f0 rows=115284
cannonball: spritezoom cumulative-rank=4 hzoom=0x329 rows=111698
cannonball: spritezoom cumulative-rank=5 hzoom=0x1a9 rows=75986
cannonball: spritezoom cumulative-rank=6 hzoom=0x243 rows=73276
cannonball: spritezoom cumulative-rank=7 hzoom=0x2a3 rows=73077
cannonball: spritezoom cumulative-rank=8 hzoom=0x20c rows=66631
cannonball: spritezoom cumulative-rank=9 hzoom=0x381 rows=66249
cannonball: spritezoom cumulative-rank=10 hzoom=0x230 rows=65498
cannonball: spritezoom cumulative-rank=11 hzoom=0x270 rows=61650
cannonball: spritezoom cumulative-rank=12 hzoom=0x21b rows=58825
cannonball: videoperf fps=15 total=40 tile_update=0 road_bg=1 tile_bg=0 tile_fg=0 road_fg=21 sprites=16 text=0 black=0
cannonball: drawperf fps=15 draw=6
cannonball: renderperf fps=15 update=3
cannonball: perf fps=16 avg_ms total=61 tick=1 prep=38 render=10 audio=11 state=4 target_fps=30
cannonball: perf fps=21 avg_ms total=46 tick=1 prep=23 render=10 audio=10 state=4 target_fps=30
cannonball: drawperf fps=20 draw=6
cannonball: renderperf fps=20 update=3
cannonball: perf fps=20 avg_ms total=47 tick=1 prep=25 render=10 audio=10 state=4 target_fps=30
cannonball: perf fps=22 avg_ms total=44 tick=1 prep=22 render=10 audio=10 state=4 target_fps=30
cannonball: perf fps=25 avg_ms total=39 tick=1 prep=21 render=9 audio=7 state=4 target_fps=30
cannonball: drawperf fps=23 draw=6
cannonball: renderperf fps=23 update=3
cannonball: perf fps=22 avg_ms total=43 tick=1 prep=21 render=10 audio=10 state=4 target_fps=30
cannonball: perf fps=22 avg_ms total=44 tick=1 prep=22 render=10 audio=10 state=4 target_fps=30
cannonball: drawperf fps=20 draw=6
cannonball: renderperf fps=20 update=3
cannonball: perf fps=17 avg_ms total=58 tick=1 prep=36 render=10 audio=10 state=4 target_fps=30
cannonball: perf fps=16 avg_ms total=59 tick=1 prep=37 render=10 audio=11 state=4 target_fps=30
cannonball: perf fps=17 avg_ms total=56 tick=1 prep=34 render=10 audio=10 state=4 target_fps=30
cannonball: drawperf fps=17 draw=6
cannonball: renderperf fps=17 update=3
cannonball: perf fps=17 avg_ms total=55 tick=1 prep=34 render=10 audio=10 state=4 target_fps=30
cannonball: perf fps=16 avg_ms total=59 tick=1 prep=36 render=10 audio=11 state=4 target_fps=30
cannonball: drawperf fps=19 draw=6
cannonball: renderperf fps=19 update=3
cannonball: perf fps=22 avg_ms total=44 tick=1 prep=21 render=10 audio=10 state=4 target_fps=30
cannonball: perf fps=23 avg_ms total=43 tick=1 prep=21 render=10 audio=10 state=4 target_fps=30
cannonball: roadperf fps=20 control=1 rows_drawn=79 rows_skipped=144
cannonball: spriteperf fps=20 sprites=58 shadow=54 fullclip=58 rows=918 rows_1x=68
cannonball: spritezoom cumulative rows=3740171
cannonball: spritezoom rank=1 hzoom=0x1f8 rows=145624 cumulative=315881
cannonball: spritezoom rank=2 hzoom=0x200 rows=41949 cumulative=298125
cannonball: spritezoom rank=3 hzoom=0x1a9 rows=16640 cumulative=92626
cannonball: spritezoom rank=4 hzoom=0x3f0 rows=14810 cumulative=130094
cannonball: spritezoom rank=5 hzoom=0x1e1 rows=10393 cumulative=46151
cannonball: spritezoom rank=6 hzoom=0x199 rows=10239 cumulative=44005
cannonball: spritezoom rank=7 hzoom=0x270 rows=9940 cumulative=71590
cannonball: spritezoom rank=8 hzoom=0x243 rows=9567 cumulative=82843
cannonball: spritezoom rank=9 hzoom=0x2e0 rows=9218 cumulative=63531
cannonball: spritezoom rank=10 hzoom=0x381 rows=9104 cumulative=75353
cannonball: spritezoom rank=11 hzoom=0x20c rows=9030 cumulative=75661
cannonball: spritezoom rank=12 hzoom=0x2a3 rows=8671 cumulative=81748
cannonball: spritezoom cumulative-rank=1 hzoom=0x1f8 rows=315881
cannonball: spritezoom cumulative-rank=2 hzoom=0x200 rows=298125
cannonball: spritezoom cumulative-rank=3 hzoom=0x3f0 rows=130094
cannonball: spritezoom cumulative-rank=4 hzoom=0x329 rows=119191
cannonball: spritezoom cumulative-rank=5 hzoom=0x1a9 rows=92626
cannonball: spritezoom cumulative-rank=6 hzoom=0x243 rows=82843
cannonball: spritezoom cumulative-rank=7 hzoom=0x2a3 rows=81748
cannonball: spritezoom cumulative-rank=8 hzoom=0x20c rows=75661
cannonball: spritezoom cumulative-rank=9 hzoom=0x381 rows=75353
cannonball: spritezoom cumulative-rank=10 hzoom=0x270 rows=71590
cannonball: spritezoom cumulative-rank=11 hzoom=0x230 rows=71334
cannonball: spritezoom cumulative-rank=12 hzoom=0x21b rows=65128
cannonball: videoperf fps=20 total=26 tile_update=0 road_bg=2 tile_bg=0 tile_fg=0 road_fg=11 sprites=11 text=0 black=0
cannonball: perf fps=23 avg_ms total=43 tick=1 prep=21 render=10 audio=11 state=4 target_fps=30
cannonball: drawperf fps=22 draw=6
cannonball: renderperf fps=22 update=3
cannonball: perf fps=19 avg_ms total=52 tick=1 prep=30 render=10 audio=10 state=4 target_fps=30
cannonball: perf fps=17 avg_ms total=57 tick=1 prep=35 render=10 audio=9 state=4 target_fps=30
cannonball: drawperf fps=16 draw=6
cannonball: renderperf fps=16 update=3
cannonball: perf fps=15 avg_ms total=64 tick=1 prep=42 render=10 audio=10 state=4 target_fps=30
cannonball: perf fps=14 avg_ms total=67 tick=1 prep=43 render=11 audio=10 state=4 target_fps=30
cannonball: perf fps=24 avg_ms total=40 tick=0 prep=18 render=10 audio=10 state=4 target_fps=30
cannonball: drawperf fps=20 draw=6
cannonball: renderperf fps=20 update=3
cannonball: perf fps=27 avg_ms total=36 tick=0 prep=13 render=10 audio=11 state=4 target_fps=30
cannonball: perf fps=32 avg_ms total=30 tick=0 prep=8 render=10 audio=10 state=4 target_fps=30
cannonball: drawperf fps=31 draw=6
cannonball: renderperf fps=31 update=3
cannonball: perf fps=32 avg_ms total=30 tick=0 prep=7 render=10 audio=11 state=4 target_fps=30
cannonball: perf fps=30 avg_ms total=32 tick=0 prep=7 render=10 audio=13 state=4 target_fps=30
cannonball: perf fps=29 avg_ms total=33 tick=0 prep=7 render=9 audio=15 state=4 target_fps=30
cannonball: drawperf fps=30 draw=6
cannonball: renderperf fps=30 update=3
cannonball: perf fps=30 avg_ms total=32 tick=0 prep=9 render=10 audio=12 state=4 target_fps=30
cannonball: stage advanced 1 -> 2, stage_lookup_off=18, advance 2/2
cannonball: target advance count reached, calling arch_exit()
INFO: Double Buffer video enabled
vid_set_mode: 640x480 VGA with 1 framebuffers.
Program returned 0
