Connecting to 192.168.0.128...
dc-load-ip 3.0.1 using Broadband Adapter (HIT-0400)
Console enabled
Upload <cannonball.elf>
File format is ELF, start address is 0x8c010000
Section .text, lma 0x8c010000, size 1722072
Section .init, lma 0x8c1b6000, size 54
Section .fini, lma 0x8c1b6038, size 42
Section .rodata, lma 0x8c1b6080, size 177584
Section .eh_frame, lma 0x8c1e1630, size 97692
Section .gcc_except_table, lma 0x8c1f93cc, size 11265
Section .ctors, lma 0x8c1fc050, size 52
Section .dtors, lma 0x8c1fc084, size 8
Section .data, lma 0x8c1fc08c, size 12952
Section .got, lma 0x8c1ff324, size 12
Transferred 2021733 bytes at 4859573 bytes / sec
Executing at 0x8c010000
Sending execute command (0xac010000, console=1, cdfsredir=0)...argv(1, argv0="cannonball.elf")...executing

--
KallistiOS v2.3.0 [dreamcast/pristine]
  Git revision: fcfa7d86
  Mon Sep 14 01:18:49 PM MST 2026
  gpf@gpf-B550-Phantom-Gaming-4-ac:/opt/toolchains/dc/kos
  sh-elf-gcc (GCC) 17.0.0 20260703 (experimental)
maple: active drivers:
    Dreameye (Camera): Camera
    Sound Input Peripheral: Microphone
    PuruPuru (Vibration) Pack: JumpPack
    VMU Driver: Clock, LCD, MemoryCard
    Mouse Driver: Mouse
    Keyboard Driver: Keyboard
    Controller Driver: Controller
    Lightgun: LightGun
vid_set_mode: 640x480 VGA with 1 framebuffers.
dc-load console support enabled
maple: attached devices:
  A0: Dreamcast Controller           (01000000: Controller)
  A1: Visual Memory                  (0e000000: Clock, LCD, MemoryCard)
  D0: Keyboard                       (40000000: Keyboard)

cannonball: Config::load cfg=/cd/config.xml
fs_iso9660: disc change detected
cannonball: Config::load failed to read /cd/config.xml
cannonball: Config::load using /pc/config.xml fallback
[VMU] Open file /vmu/a1/CANNON
[VMU] Open file /vmu/a1/CANNON: OK
[VMU] Loaded settings from CANNON (624 bytes)
cannonball: Config::load dreamcast parser done
INFO: SDL2 Dreamcast video initialized: 640x480
Initializing joysticks...
No rumble device at port 0
Joystick found at port 0
No joystick at port 1
No joystick at port 2
No joystick at port 3
No joystick at port 4
No joystick at port 5
No joystick at port 6
No joystick at port 7
Number of joysticks initialized: 1
INFO: Initializing dreamcast haptic devices...
INFO: Opening audio device
INFO: Buffer size: 4096
INFO: 16-bit PCM audio format enabled
INFO: Dreamcast audio driver initialized
cannonball: audio desired freq=11025 fmt=0x8010 channels=2 samples=1024 obtained freq=11025 fmt=0x8010 channels=2 samples=1024
cannonball: Dreamcast render layout src=320x224 screen=320x240 dst=0,8 320x224 mode=2
INFO: Display modes for Dreamcast retrieved successfully.
INFO: DREAMCAST_CreateWindow: window 640x480 created for native PVR renderer
INFO: Double Buffer video enabled
vid_set_mode: 320x240 VGA with 1 framebuffers.
INFO: Dreamcast PVR
cannonball: renderer=0x8c8adc88 name=Dreamcast PVR flags=0xe
cannonball: creating texture 320x240 surface=320x240 src=320x224 dst=320x224
cannonball: created texture=0x8c8adee8 actual=320x240 format=SDL_PIXELFORMAT_RGB565 access=1 renderer=0x8c8adc88
cannonball: Dreamcast texture framebuffer surface=320x240 pitch=640 format=SDL_PIXELFORMAT_RGB565
cannonball: state -1 -> 1 frame=1
cannonball: state 1 -> 2 frame=2
cannonball: state 2 -> 3 frame=4
[VMU] Open file /vmu/a1/CANNON
[VMU] Open file /vmu/a1/CANNON: OK
[VMU] Loaded 20 score entries from CANNON (624 bytes)
cannonball: state 3 -> 4 frame=5
cannonball: perf fps=15 avg_ms total=63 tick=11 prep=32 render=11 audio=8 state=4 target_fps=30
cannonball: perf fps=18 avg_ms total=53 tick=1 prep=34 render=10 audio=7 state=4 target_fps=30
cannonball: drawperf fps=17 draw=7
cannonball: renderperf fps=17 update=3
cannonball: perf fps=18 avg_ms total=53 tick=1 prep=33 render=10 audio=7 state=4 target_fps=30
cannonball: perf fps=18 avg_ms total=54 tick=1 prep=34 render=10 audio=8 state=4 target_fps=30
cannonball: drawperf fps=18 draw=6
cannonball: renderperf fps=18 update=3
cannonball: perf fps=18 avg_ms total=54 tick=1 prep=34 render=10 audio=9 state=4 target_fps=30
cannonball: perf fps=24 avg_ms total=40 tick=0 prep=21 render=10 audio=8 state=4 target_fps=30
cannonball: perf fps=28 avg_ms total=34 tick=1 prep=13 render=10 audio=9 state=4 target_fps=30
cannonball: drawperf fps=26 draw=6
cannonball: renderperf fps=26 update=3
cannonball: perf fps=29 avg_ms total=33 tick=1 prep=13 render=10 audio=8 state=4 target_fps=30
cannonball: perf fps=28 avg_ms total=35 tick=1 prep=14 render=10 audio=9 state=4 target_fps=30
cannonball: drawperf fps=29 draw=6
cannonball: renderperf fps=29 update=3
cannonball: perf fps=29 avg_ms total=33 tick=1 prep=14 render=10 audio=7 state=4 target_fps=30
cannonball: perf fps=28 avg_ms total=35 tick=0 prep=15 render=10 audio=8 state=4 target_fps=30
cannonball: perf fps=26 avg_ms total=37 tick=1 prep=15 render=10 audio=10 state=4 target_fps=30
cannonball: drawperf fps=27 draw=6
cannonball: renderperf fps=27 update=3
cannonball: perf fps=26 avg_ms total=37 tick=1 prep=16 render=10 audio=9 state=4 target_fps=30
cannonball: perf fps=26 avg_ms total=37 tick=1 prep=15 render=10 audio=10 state=4 target_fps=30
cannonball: roadperf fps=24 control=1 rows_drawn=72 rows_skipped=151
cannonball: spriteperf fps=24 sprites=54 shadow=49 fullclip=54 rows=1537 rows_1x=105
cannonball: spritezoom cumulative rows=1123827
cannonball: spritezoom rank=1 hzoom=0x200 rows=77063 cumulative=77063
cannonball: spritezoom rank=2 hzoom=0x329 rows=70015 cumulative=70015
cannonball: spritezoom rank=3 hzoom=0x230 rows=37635 cumulative=37635
cannonball: spritezoom rank=4 hzoom=0x18f rows=37025 cumulative=37025
cannonball: spritezoom rank=5 hzoom=0x2aa rows=36185 cumulative=36185
cannonball: spritezoom rank=6 hzoom=0x1af rows=35600 cumulative=35600
cannonball: spritezoom rank=7 hzoom=0x26a rows=31857 cumulative=31857
cannonball: spritezoom rank=8 hzoom=0x1d4 rows=31775 cumulative=31775
cannonball: spritezoom rank=9 hzoom=0x288 rows=31275 cumulative=31275
cannonball: spritezoom rank=10 hzoom=0x3f0 rows=27559 cumulative=27559
cannonball: spritezoom rank=11 hzoom=0x2f1 rows=25194 cumulative=25194
cannonball: spritezoom rank=12 hzoom=0x2a3 rows=24254 cumulative=24254
cannonball: spritezoom cumulative-rank=1 hzoom=0x200 rows=77063
cannonball: spritezoom cumulative-rank=2 hzoom=0x329 rows=70015
cannonball: spritezoom cumulative-rank=3 hzoom=0x230 rows=37635
cannonball: spritezoom cumulative-rank=4 hzoom=0x18f rows=37025
cannonball: spritezoom cumulative-rank=5 hzoom=0x2aa rows=36185
cannonball: spritezoom cumulative-rank=6 hzoom=0x1af rows=35600
cannonball: spritezoom cumulative-rank=7 hzoom=0x26a rows=31857
cannonball: spritezoom cumulative-rank=8 hzoom=0x1d4 rows=31775
cannonball: spritezoom cumulative-rank=9 hzoom=0x288 rows=31275
cannonball: spritezoom cumulative-rank=10 hzoom=0x3f0 rows=27559
cannonball: spritezoom cumulative-rank=11 hzoom=0x2f1 rows=25194
cannonball: spritezoom cumulative-rank=12 hzoom=0x2a3 rows=24254
cannonball: videoperf fps=24 total=19 tile_update=0 road_bg=2 tile_bg=1 tile_fg=0 road_fg=4 sprites=10 text=0 black=0
cannonball: drawperf fps=26 draw=6
cannonball: renderperf fps=26 update=3
cannonball: perf fps=26 avg_ms total=37 tick=1 prep=15 render=9 audio=10 state=4 target_fps=30
cannonball: perf fps=27 avg_ms total=36 tick=1 prep=13 render=10 audio=10 state=4 target_fps=30
cannonball: perf fps=27 avg_ms total=36 tick=1 prep=13 render=10 audio=10 state=4 target_fps=30
cannonball: drawperf fps=27 draw=6
cannonball: renderperf fps=27 update=3
cannonball: perf fps=28 avg_ms total=34 tick=1 prep=12 render=10 audio=10 state=4 target_fps=30
cannonball: perf fps=27 avg_ms total=35 tick=1 prep=13 render=10 audio=10 state=4 target_fps=30
cannonball: drawperf fps=28 draw=6
cannonball: renderperf fps=28 update=3
cannonball: perf fps=28 avg_ms total=35 tick=1 prep=13 render=10 audio=10 state=4 target_fps=30
cannonball: perf fps=27 avg_ms total=36 tick=1 prep=14 render=10 audio=10 state=4 target_fps=30
cannonball: perf fps=27 avg_ms total=36 tick=1 prep=14 render=10 audio=10 state=4 target_fps=30
cannonball: drawperf fps=27 draw=6
cannonball: renderperf fps=27 update=3
cannonball: perf fps=26 avg_ms total=37 tick=1 prep=15 render=10 audio=10 state=4 target_fps=30
cannonball: perf fps=27 avg_ms total=36 tick=0 prep=14 render=10 audio=10 state=4 target_fps=30
cannonball: drawperf fps=28 draw=6
cannonball: renderperf fps=28 update=3
cannonball: perf fps=30 avg_ms total=33 tick=0 prep=11 render=10 audio=10 state=4 target_fps=30
cannonball: perf fps=29 avg_ms total=33 tick=0 prep=12 render=10 audio=10 state=4 target_fps=30
cannonball: perf fps=26 avg_ms total=37 tick=1 prep=14 render=10 audio=10 state=4 target_fps=30
cannonball: drawperf fps=28 draw=6
cannonball: renderperf fps=28 update=3
cannonball: perf fps=27 avg_ms total=35 tick=0 prep=13 render=10 audio=10 state=4 target_fps=30
cannonball: perf fps=28 avg_ms total=34 tick=0 prep=12 render=10 audio=10 state=4 target_fps=30
cannonball: roadperf fps=28 control=1 rows_drawn=75 rows_skipped=148
cannonball: spriteperf fps=28 sprites=37 shadow=26 fullclip=37 rows=461 rows_1x=66
cannonball: spritezoom cumulative rows=1512369
cannonball: spritezoom rank=1 hzoom=0x200 rows=55572 cumulative=132635
cannonball: spritezoom rank=2 hzoom=0x1f8 rows=47508 cumulative=53782
cannonball: spritezoom rank=3 hzoom=0x3f0 rows=21376 cumulative=48935
cannonball: spritezoom rank=4 hzoom=0x2a3 rows=15649 cumulative=39903
cannonball: spritezoom rank=5 hzoom=0x1a9 rows=15545 cumulative=34727
cannonball: spritezoom rank=6 hzoom=0x243 rows=15414 cumulative=35598
cannonball: spritezoom rank=7 hzoom=0x381 rows=12777 cumulative=29628
cannonball: spritezoom rank=8 hzoom=0x329 rows=12756 cumulative=82771
cannonball: spritezoom rank=9 hzoom=0x270 rows=11330 cumulative=25791
cannonball: spritezoom rank=10 hzoom=0x2e0 rows=10405 cumulative=25406
cannonball: spritezoom rank=11 hzoom=0x303 rows=10284 cumulative=20452
cannonball: spritezoom rank=12 hzoom=0x21b rows=9368 cumulative=32127
cannonball: spritezoom cumulative-rank=1 hzoom=0x200 rows=132635
cannonball: spritezoom cumulative-rank=2 hzoom=0x329 rows=82771
cannonball: spritezoom cumulative-rank=3 hzoom=0x1f8 rows=53782
cannonball: spritezoom cumulative-rank=4 hzoom=0x3f0 rows=48935
cannonball: spritezoom cumulative-rank=5 hzoom=0x230 rows=42640
cannonball: spritezoom cumulative-rank=6 hzoom=0x2a3 rows=39903
cannonball: spritezoom cumulative-rank=7 hzoom=0x18f rows=37353
cannonball: spritezoom cumulative-rank=8 hzoom=0x2aa rows=36436
cannonball: spritezoom cumulative-rank=9 hzoom=0x1af rows=36127
cannonball: spritezoom cumulative-rank=10 hzoom=0x288 rows=35675
cannonball: spritezoom cumulative-rank=11 hzoom=0x243 rows=35598
cannonball: spritezoom cumulative-rank=12 hzoom=0x1a9 rows=34727
cannonball: videoperf fps=28 total=13 tile_update=0 road_bg=2 tile_bg=1 tile_fg=0 road_fg=4 sprites=3 text=0 black=0
cannonball: drawperf fps=28 draw=6
cannonball: renderperf fps=28 update=3
cannonball: perf fps=29 avg_ms total=34 tick=1 prep=12 render=10 audio=9 state=4 target_fps=30
cannonball: perf fps=33 avg_ms total=29 tick=0 prep=11 render=10 audio=6 state=4 target_fps=30
cannonball: perf fps=27 avg_ms total=35 tick=1 prep=13 render=10 audio=10 state=4 target_fps=30
cannonball: drawperf fps=30 draw=6
cannonball: renderperf fps=30 update=3
cannonball: perf fps=26 avg_ms total=37 tick=1 prep=16 render=10 audio=9 state=4 target_fps=30
cannonball: perf fps=25 avg_ms total=39 tick=1 prep=18 render=10 audio=9 state=4 target_fps=30
cannonball: drawperf fps=25 draw=6
cannonball: renderperf fps=25 update=3
cannonball: perf fps=26 avg_ms total=37 tick=0 prep=19 render=10 audio=7 state=4 target_fps=30
cannonball: perf fps=30 avg_ms total=32 tick=0 prep=12 render=10 audio=9 state=4 target_fps=30
cannonball: perf fps=32 avg_ms total=30 tick=0 prep=9 render=10 audio=9 state=4 target_fps=30
cannonball: drawperf fps=32 draw=6
cannonball: renderperf fps=32 update=3
cannonball: perf fps=32 avg_ms total=30 tick=0 prep=7 render=10 audio=11 state=4 target_fps=30
cannonball: perf fps=30 avg_ms total=32 tick=0 prep=7 render=9 audio=14 state=4 target_fps=30
cannonball: drawperf fps=30 draw=6
cannonball: renderperf fps=30 update=3
cannonball: perf fps=29 avg_ms total=33 tick=0 prep=7 render=11 audio=13 state=4 target_fps=30
cannonball: perf fps=30 avg_ms total=33 tick=0 prep=9 render=10 audio=13 state=4 target_fps=30
cannonball: stage advanced 0 -> 1, stage_lookup_off=9, advance 1/3
cannonball: perf fps=29 avg_ms total=33 tick=0 prep=10 render=10 audio=11 state=4 target_fps=30
cannonball: drawperf fps=29 draw=6
cannonball: renderperf fps=29 update=3
cannonball: perf fps=26 avg_ms total=38 tick=1 prep=18 render=10 audio=7 state=4 target_fps=30
cannonball: perf fps=24 avg_ms total=41 tick=1 prep=19 render=10 audio=10 state=4 target_fps=30
cannonball: roadperf fps=28 control=1 rows_drawn=76 rows_skipped=147
cannonball: spriteperf fps=28 sprites=24 shadow=20 fullclip=24 rows=409 rows_1x=66
cannonball: spritezoom cumulative rows=1866769
cannonball: spritezoom rank=1 hzoom=0x200 rows=57927 cumulative=190562
cannonball: spritezoom rank=2 hzoom=0x1f8 rows=32957 cumulative=86739
cannonball: spritezoom rank=3 hzoom=0x1a9 rows=16014 cumulative=50741
cannonball: spritezoom rank=4 hzoom=0x3f0 rows=11959 cumulative=60894
cannonball: spritezoom rank=5 hzoom=0x243 rows=9045 cumulative=44643
cannonball: spritezoom rank=6 hzoom=0x303 rows=8463 cumulative=28915
cannonball: spritezoom rank=7 hzoom=0x381 rows=7772 cumulative=37400
cannonball: spritezoom rank=8 hzoom=0x270 rows=7373 cumulative=33164
cannonball: spritezoom rank=9 hzoom=0x1e1 rows=7333 cumulative=12966
cannonball: spritezoom rank=10 hzoom=0x2e0 rows=7323 cumulative=32729
cannonball: spritezoom rank=11 hzoom=0x20c rows=7085 cumulative=27797
cannonball: spritezoom rank=12 hzoom=0x2a3 rows=6752 cumulative=46655
cannonball: spritezoom cumulative-rank=1 hzoom=0x200 rows=190562
cannonball: spritezoom cumulative-rank=2 hzoom=0x329 rows=88367
cannonball: spritezoom cumulative-rank=3 hzoom=0x1f8 rows=86739
cannonball: spritezoom cumulative-rank=4 hzoom=0x3f0 rows=60894
cannonball: spritezoom cumulative-rank=5 hzoom=0x1a9 rows=50741
cannonball: spritezoom cumulative-rank=6 hzoom=0x230 rows=47301
cannonball: spritezoom cumulative-rank=7 hzoom=0x2a3 rows=46655
cannonball: spritezoom cumulative-rank=8 hzoom=0x243 rows=44643
cannonball: spritezoom cumulative-rank=9 hzoom=0x18f rows=38606
cannonball: spritezoom cumulative-rank=10 hzoom=0x2aa rows=37827
cannonball: spritezoom cumulative-rank=11 hzoom=0x288 rows=37745
cannonball: spritezoom cumulative-rank=12 hzoom=0x381 rows=37400
cannonball: videoperf fps=28 total=12 tile_update=0 road_bg=2 tile_bg=0 tile_fg=0 road_fg=4 sprites=3 text=0 black=0
cannonball: drawperf fps=24 draw=6
cannonball: renderperf fps=24 update=3
cannonball: perf fps=24 avg_ms total=40 tick=1 prep=18 render=10 audio=10 state=4 target_fps=30
cannonball: perf fps=24 avg_ms total=40 tick=1 prep=17 render=10 audio=10 state=4 target_fps=30
cannonball: perf fps=18 avg_ms total=55 tick=1 prep=32 render=10 audio=10 state=4 target_fps=30
cannonball: drawperf fps=20 draw=6
cannonball: renderperf fps=20 update=3
cannonball: perf fps=16 avg_ms total=60 tick=1 prep=36 render=10 audio=11 state=4 target_fps=30
cannonball: perf fps=16 avg_ms total=61 tick=1 prep=38 render=11 audio=10 state=4 target_fps=30
cannonball: drawperf fps=16 draw=6
cannonball: renderperf fps=16 update=3
cannonball: perf fps=16 avg_ms total=60 tick=1 prep=38 render=10 audio=10 state=4 target_fps=30
cannonball: perf fps=20 avg_ms total=49 tick=1 prep=27 render=11 audio=9 state=4 target_fps=30
cannonball: perf fps=19 avg_ms total=51 tick=1 prep=31 render=10 audio=8 state=4 target_fps=30
cannonball: drawperf fps=19 draw=6
cannonball: renderperf fps=18 update=3
cannonball: perf fps=15 avg_ms total=64 tick=1 prep=42 render=10 audio=10 state=4 target_fps=30
cannonball: perf fps=14 avg_ms total=71 tick=1 prep=48 render=10 audio=11 state=4 target_fps=30
cannonball: drawperf fps=14 draw=6
cannonball: renderperf fps=14 update=4
cannonball: perf fps=13 avg_ms total=73 tick=1 prep=50 render=11 audio=11 state=4 target_fps=30
cannonball: perf fps=13 avg_ms total=72 tick=1 prep=49 render=10 audio=10 state=4 target_fps=30
cannonball: perf fps=13 avg_ms total=71 tick=1 prep=48 render=10 audio=11 state=4 target_fps=30
cannonball: drawperf fps=13 draw=6
cannonball: renderperf fps=13 update=3
cannonball: perf fps=14 avg_ms total=71 tick=1 prep=48 render=11 audio=10 state=4 target_fps=30
cannonball: perf fps=15 avg_ms total=66 tick=1 prep=44 render=9 audio=11 state=4 target_fps=30
cannonball: spriteperf fps=16 sprites=60 shadow=57 fullclip=60 rows=1287 rows_1x=70
cannonball: spritezoom cumulative rows=2510589
cannonball: spritezoom rank=1 hzoom=0x1f8 rows=44098 cumulative=130837
cannonball: spritezoom rank=2 hzoom=0x200 rows=35363 cumulative=225925
cannonball: spritezoom rank=3 hzoom=0x3f0 rows=24186 cumulative=85080
cannonball: spritezoom rank=4 hzoom=0x303 rows=18589 cumulative=47504
cannonball: spritezoom rank=5 hzoom=0x1e1 rows=17376 cumulative=30342
cannonball: spritezoom rank=6 hzoom=0x199 rows=17186 cumulative=28531
cannonball: spritezoom rank=7 hzoom=0x243 rows=16251 cumulative=60894
cannonball: spritezoom rank=8 hzoom=0x381 rows=15745 cumulative=53145
cannonball: spritezoom rank=9 hzoom=0x295 rows=13962 cumulative=29239
cannonball: spritezoom rank=10 hzoom=0x2a3 rows=13909 cumulative=60564
cannonball: spritezoom rank=11 hzoom=0x234 rows=13397 cumulative=29849
cannonball: spritezoom rank=12 hzoom=0x1a9 rows=13134 cumulative=63875
cannonball: spritezoom cumulative-rank=1 hzoom=0x200 rows=225925
cannonball: spritezoom cumulative-rank=2 hzoom=0x1f8 rows=130837
cannonball: spritezoom cumulative-rank=3 hzoom=0x329 rows=100194
cannonball: spritezoom cumulative-rank=4 hzoom=0x3f0 rows=85080
cannonball: spritezoom cumulative-rank=5 hzoom=0x1a9 rows=63875
cannonball: spritezoom cumulative-rank=6 hzoom=0x243 rows=60894
cannonball: spritezoom cumulative-rank=7 hzoom=0x2a3 rows=60564
cannonball: spritezoom cumulative-rank=8 hzoom=0x230 rows=57593
cannonball: spritezoom cumulative-rank=9 hzoom=0x381 rows=53145
cannonball: spritezoom cumulative-rank=10 hzoom=0x303 rows=47504
cannonball: spritezoom cumulative-rank=11 hzoom=0x21b rows=47350
cannonball: spritezoom cumulative-rank=12 hzoom=0x270 rows=45692
cannonball: videoperf fps=16 total=37 tile_update=0 road_bg=1 tile_bg=0 tile_fg=0 road_fg=18 sprites=15 text=0 black=0
cannonball: roadperf fps=16 control=1 rows_drawn=139 rows_skipped=84
cannonball: drawperf fps=15 draw=6
cannonball: renderperf fps=15 update=3
cannonball: perf fps=17 avg_ms total=56 tick=1 prep=33 render=9 audio=11 state=4 target_fps=30
cannonball: perf fps=20 avg_ms total=49 tick=1 prep=27 render=10 audio=10 state=4 target_fps=30
cannonball: perf fps=16 avg_ms total=60 tick=1 prep=38 render=10 audio=11 state=4 target_fps=30
cannonball: drawperf fps=18 draw=6
cannonball: renderperf fps=18 update=3
cannonball: perf fps=14 avg_ms total=67 tick=1 prep=46 render=9 audio=10 state=4 target_fps=30
cannonball: perf fps=14 avg_ms total=70 tick=0 prep=48 render=10 audio=11 state=4 target_fps=30
cannonball: drawperf fps=14 draw=6
cannonball: renderperf fps=14 update=3
cannonball: perf fps=14 avg_ms total=68 tick=1 prep=47 render=9 audio=10 state=4 target_fps=30
cannonball: perf fps=14 avg_ms total=69 tick=1 prep=47 render=11 audio=10 state=4 target_fps=30
cannonball: perf fps=14 avg_ms total=69 tick=1 prep=47 render=10 audio=11 state=4 target_fps=30
cannonball: drawperf fps=14 draw=6
cannonball: renderperf fps=14 update=3
cannonball: perf fps=13 avg_ms total=72 tick=1 prep=50 render=9 audio=11 state=4 target_fps=30
cannonball: perf fps=16 avg_ms total=62 tick=1 prep=39 render=11 audio=10 state=4 target_fps=30
cannonball: drawperf fps=15 draw=6
cannonball: renderperf fps=15 update=3
cannonball: perf fps=17 avg_ms total=58 tick=1 prep=36 render=10 audio=10 state=4 target_fps=30
cannonball: perf fps=17 avg_ms total=57 tick=1 prep=35 render=10 audio=10 state=4 target_fps=30
cannonball: perf fps=16 avg_ms total=62 tick=1 prep=40 render=9 audio=10 state=4 target_fps=30
cannonball: drawperf fps=16 draw=6
cannonball: renderperf fps=16 update=3
cannonball: perf fps=14 avg_ms total=66 tick=1 prep=44 render=10 audio=10 state=4 target_fps=30
cannonball: perf fps=16 avg_ms total=61 tick=1 prep=39 render=10 audio=10 state=4 target_fps=30
cannonball: spriteperf fps=15 sprites=56 shadow=52 fullclip=56 rows=1376 rows_1x=62
cannonball: spritezoom cumulative rows=3168655
cannonball: spritezoom rank=1 hzoom=0x1f8 rows=39324 cumulative=170161
cannonball: spritezoom rank=2 hzoom=0x3f0 rows=29996 cumulative=115076
cannonball: spritezoom rank=3 hzoom=0x200 rows=29858 cumulative=255783
cannonball: spritezoom rank=4 hzoom=0x186 rows=27142 cumulative=37688
cannonball: spritezoom rank=5 hzoom=0x20c rows=25617 cumulative=66279
cannonball: spritezoom rank=6 hzoom=0x2e8 rows=15960 cumulative=25104
cannonball: spritezoom rank=7 hzoom=0x270 rows=15503 cumulative=61195
cannonball: spritezoom rank=8 hzoom=0x2c0 rows=13783 cumulative=44172
cannonball: spritezoom rank=9 hzoom=0x381 rows=12946 cumulative=66091
cannonball: spritezoom rank=10 hzoom=0x2a3 rows=12478 cumulative=73042
cannonball: spritezoom rank=11 hzoom=0x243 rows=12342 cumulative=73236
cannonball: spritezoom rank=12 hzoom=0x329 rows=11468 cumulative=111662
cannonball: spritezoom cumulative-rank=1 hzoom=0x200 rows=255783
cannonball: spritezoom cumulative-rank=2 hzoom=0x1f8 rows=170161
cannonball: spritezoom cumulative-rank=3 hzoom=0x3f0 rows=115076
cannonball: spritezoom cumulative-rank=4 hzoom=0x329 rows=111662
cannonball: spritezoom cumulative-rank=5 hzoom=0x1a9 rows=75328
cannonball: spritezoom cumulative-rank=6 hzoom=0x243 rows=73236
cannonball: spritezoom cumulative-rank=7 hzoom=0x2a3 rows=73042
cannonball: spritezoom cumulative-rank=8 hzoom=0x20c rows=66279
cannonball: spritezoom cumulative-rank=9 hzoom=0x381 rows=66091
cannonball: spritezoom cumulative-rank=10 hzoom=0x230 rows=65498
cannonball: spritezoom cumulative-rank=11 hzoom=0x270 rows=61195
cannonball: spritezoom cumulative-rank=12 hzoom=0x21b rows=58749
cannonball: videoperf fps=15 total=40 tile_update=0 road_bg=1 tile_bg=0 tile_fg=0 road_fg=21 sprites=16 text=0 black=0
cannonball: roadperf fps=15 control=1 rows_drawn=153 rows_skipped=70
cannonball: drawperf fps=15 draw=6
cannonball: renderperf fps=15 update=3
cannonball: perf fps=16 avg_ms total=60 tick=1 prep=38 render=10 audio=11 state=4 target_fps=30
cannonball: perf fps=20 avg_ms total=47 tick=1 prep=26 render=9 audio=10 state=4 target_fps=30
cannonball: perf fps=20 avg_ms total=47 tick=1 prep=25 render=10 audio=10 state=4 target_fps=30
cannonball: drawperf fps=19 draw=6
cannonball: renderperf fps=19 update=3
cannonball: perf fps=21 avg_ms total=45 tick=1 prep=23 render=10 audio=10 state=4 target_fps=30
cannonball: perf fps=24 avg_ms total=40 tick=1 prep=21 render=10 audio=8 state=4 target_fps=30
cannonball: drawperf fps=23 draw=6
cannonball: renderperf fps=23 update=3
cannonball: perf fps=23 avg_ms total=42 tick=1 prep=21 render=10 audio=9 state=4 target_fps=30
cannonball: perf fps=22 avg_ms total=43 tick=1 prep=20 render=11 audio=10 state=4 target_fps=30
cannonball: drawperf fps=20 draw=6
cannonball: renderperf fps=20 update=4
cannonball: perf fps=17 avg_ms total=58 tick=1 prep=35 render=10 audio=10 state=4 target_fps=30
cannonball: perf fps=16 avg_ms total=60 tick=1 prep=37 render=10 audio=11 state=4 target_fps=30
cannonball: perf fps=17 avg_ms total=58 tick=1 prep=35 render=10 audio=10 state=4 target_fps=30
cannonball: drawperf fps=17 draw=6
cannonball: renderperf fps=17 update=3
cannonball: perf fps=17 avg_ms total=55 tick=1 prep=32 render=11 audio=10 state=4 target_fps=30
cannonball: perf fps=16 avg_ms total=59 tick=1 prep=37 render=10 audio=10 state=4 target_fps=30
cannonball: drawperf fps=18 draw=6
cannonball: renderperf fps=18 update=3
cannonball: perf fps=21 avg_ms total=45 tick=1 prep=23 render=10 audio=10 state=4 target_fps=30
cannonball: perf fps=22 avg_ms total=43 tick=1 prep=21 render=10 audio=10 state=4 target_fps=30
cannonball: perf fps=22 avg_ms total=44 tick=1 prep=21 render=10 audio=10 state=4 target_fps=30
cannonball: spriteperf fps=20 sprites=58 shadow=54 fullclip=58 rows=928 rows_1x=68
cannonball: spritezoom cumulative rows=3733946
cannonball: spritezoom rank=1 hzoom=0x1f8 rows=144292 cumulative=314453
cannonball: spritezoom rank=2 hzoom=0x200 rows=41682 cumulative=297465
cannonball: spritezoom rank=3 hzoom=0x1a9 rows=17118 cumulative=92446
cannonball: spritezoom rank=4 hzoom=0x3f0 rows=14568 cumulative=129644
cannonball: spritezoom rank=5 hzoom=0x1e1 rows=10393 cumulative=46151
cannonball: spritezoom rank=6 hzoom=0x270 rows=10277 cumulative=71472
cannonball: spritezoom rank=7 hzoom=0x199 rows=10201 cumulative=43967
cannonball: spritezoom rank=8 hzoom=0x2e0 rows=10025 cumulative=63384
cannonball: spritezoom rank=9 hzoom=0x20c rows=9382 cumulative=75661
cannonball: spritezoom rank=10 hzoom=0x243 rows=9369 cumulative=82605
cannonball: spritezoom rank=11 hzoom=0x381 rows=9055 cumulative=75146
cannonball: spritezoom rank=12 hzoom=0x2a3 rows=8513 cumulative=81555
cannonball: spritezoom cumulative-rank=1 hzoom=0x1f8 rows=314453
cannonball: spritezoom cumulative-rank=2 hzoom=0x200 rows=297465
cannonball: spritezoom cumulative-rank=3 hzoom=0x3f0 rows=129644
cannonball: spritezoom cumulative-rank=4 hzoom=0x329 rows=118918
cannonball: spritezoom cumulative-rank=5 hzoom=0x1a9 rows=92446
cannonball: spritezoom cumulative-rank=6 hzoom=0x243 rows=82605
cannonball: spritezoom cumulative-rank=7 hzoom=0x2a3 rows=81555
cannonball: spritezoom cumulative-rank=8 hzoom=0x20c rows=75661
cannonball: spritezoom cumulative-rank=9 hzoom=0x381 rows=75146
cannonball: spritezoom cumulative-rank=10 hzoom=0x270 rows=71472
cannonball: spritezoom cumulative-rank=11 hzoom=0x230 rows=71204
cannonball: spritezoom cumulative-rank=12 hzoom=0x21b rows=65045
cannonball: videoperf fps=20 total=27 tile_update=0 road_bg=2 tile_bg=0 tile_fg=0 road_fg=11 sprites=11 text=0 black=0
cannonball: roadperf fps=20 control=1 rows_drawn=79 rows_skipped=144
cannonball: drawperf fps=22 draw=6
cannonball: renderperf fps=22 update=3
cannonball: perf fps=20 avg_ms total=48 tick=1 prep=26 render=10 audio=10 state=4 target_fps=30
cannonball: perf fps=17 avg_ms total=56 tick=1 prep=35 render=10 audio=9 state=4 target_fps=30
cannonball: drawperf fps=17 draw=6
cannonball: renderperf fps=17 update=3
cannonball: perf fps=16 avg_ms total=61 tick=1 prep=39 render=9 audio=10 state=4 target_fps=30
cannonball: perf fps=14 avg_ms total=70 tick=1 prep=48 render=10 audio=10 state=4 target_fps=30
cannonball: perf fps=22 avg_ms total=43 tick=0 prep=21 render=10 audio=10 state=4 target_fps=30
cannonball: drawperf fps=19 draw=6
cannonball: renderperf fps=19 update=3
cannonball: perf fps=26 avg_ms total=37 tick=0 prep=15 render=10 audio=10 state=4 target_fps=30
cannonball: perf fps=32 avg_ms total=30 tick=0 prep=9 render=10 audio=10 state=4 target_fps=30
cannonball: drawperf fps=31 draw=6
cannonball: renderperf fps=31 update=3
cannonball: perf fps=33 avg_ms total=30 tick=0 prep=7 render=10 audio=11 state=4 target_fps=30
cannonball: perf fps=29 avg_ms total=33 tick=0 prep=7 render=10 audio=14 state=4 target_fps=30
cannonball: perf fps=30 avg_ms total=32 tick=0 prep=7 render=10 audio=14 state=4 target_fps=30
cannonball: drawperf fps=30 draw=6
cannonball: renderperf fps=30 update=3
cannonball: perf fps=29 avg_ms total=33 tick=0 prep=8 render=10 audio=13 state=4 target_fps=30
cannonball: stage advanced 1 -> 2, stage_lookup_off=18, advance 2/3
cannonball: perf fps=30 avg_ms total=33 tick=0 prep=10 render=10 audio=11 state=4 target_fps=30
cannonball: drawperf fps=29 draw=6
cannonball: renderperf fps=29 update=3
cannonball: perf fps=27 avg_ms total=36 tick=1 prep=14 render=10 audio=10 state=4 target_fps=30
cannonball: perf fps=27 avg_ms total=36 tick=1 prep=14 render=10 audio=10 state=4 target_fps=30
cannonball: spriteperf fps=25 sprites=31 shadow=17 fullclip=31 rows=474 rows_1x=71
cannonball: spritezoom cumulative rows=4100924
cannonball: spritezoom rank=1 hzoom=0x200 rows=55162 cumulative=352627
cannonball: spritezoom rank=2 hzoom=0x1f8 rows=30739 cumulative=345192
cannonball: spritezoom rank=3 hzoom=0x1a9 rows=15920 cumulative=108366
cannonball: spritezoom rank=4 hzoom=0x3f0 rows=14326 cumulative=143970
cannonball: spritezoom rank=5 hzoom=0x243 rows=8418 cumulative=91023
cannonball: spritezoom rank=6 hzoom=0x329 rows=7754 cumulative=126672
cannonball: spritezoom rank=7 hzoom=0x2a3 rows=7520 cumulative=89075
cannonball: spritezoom rank=8 hzoom=0x2e0 rows=6824 cumulative=70208
cannonball: spritezoom rank=9 hzoom=0x381 rows=6318 cumulative=81464
cannonball: spritezoom rank=10 hzoom=0x21b rows=6103 cumulative=71148
cannonball: spritezoom rank=11 hzoom=0x270 rows=6097 cumulative=77569
cannonball: spritezoom rank=12 hzoom=0x353 rows=4901 cumulative=56066
cannonball: spritezoom cumulative-rank=1 hzoom=0x200 rows=352627
cannonball: spritezoom cumulative-rank=2 hzoom=0x1f8 rows=345192
cannonball: spritezoom cumulative-rank=3 hzoom=0x3f0 rows=143970
cannonball: spritezoom cumulative-rank=4 hzoom=0x329 rows=126672
cannonball: spritezoom cumulative-rank=5 hzoom=0x1a9 rows=108366
cannonball: spritezoom cumulative-rank=6 hzoom=0x243 rows=91023
cannonball: spritezoom cumulative-rank=7 hzoom=0x2a3 rows=89075
cannonball: spritezoom cumulative-rank=8 hzoom=0x381 rows=81464
cannonball: spritezoom cumulative-rank=9 hzoom=0x20c rows=80519
cannonball: spritezoom cumulative-rank=10 hzoom=0x270 rows=77569
cannonball: spritezoom cumulative-rank=11 hzoom=0x230 rows=74888
cannonball: spritezoom cumulative-rank=12 hzoom=0x21b rows=71148
cannonball: videoperf fps=25 total=16 tile_update=0 road_bg=2 tile_bg=0 tile_fg=0 road_fg=5 sprites=5 text=0 black=0
cannonball: roadperf fps=25 control=1 rows_drawn=75 rows_skipped=148
cannonball: perf fps=28 avg_ms total=35 tick=1 prep=13 render=10 audio=9 state=4 target_fps=30
cannonball: drawperf fps=28 draw=6
cannonball: renderperf fps=28 update=3
cannonball: perf fps=30 avg_ms total=32 tick=1 prep=14 render=10 audio=7 state=4 target_fps=30
cannonball: perf fps=28 avg_ms total=34 tick=1 prep=14 render=10 audio=9 state=4 target_fps=30
cannonball: drawperf fps=28 draw=6
cannonball: renderperf fps=28 update=3
cannonball: perf fps=27 avg_ms total=36 tick=1 prep=14 render=10 audio=10 state=4 target_fps=30
cannonball: perf fps=28 avg_ms total=35 tick=1 prep=14 render=10 audio=9 state=4 target_fps=30
cannonball: perf fps=31 avg_ms total=31 tick=1 prep=13 render=10 audio=6 state=4 target_fps=30
cannonball: drawperf fps=29 draw=6
cannonball: renderperf fps=29 update=3
cannonball: perf fps=29 avg_ms total=34 tick=1 prep=12 render=10 audio=9 state=4 target_fps=30
cannonball: perf fps=27 avg_ms total=36 tick=1 prep=14 render=10 audio=10 state=4 target_fps=30
cannonball: drawperf fps=28 draw=6
cannonball: renderperf fps=28 update=3
cannonball: perf fps=28 avg_ms total=35 tick=1 prep=14 render=10 audio=9 state=4 target_fps=30
cannonball: perf fps=29 avg_ms total=33 tick=1 prep=15 render=10 audio=7 state=4 target_fps=30
cannonball: perf fps=27 avg_ms total=36 tick=1 prep=14 render=10 audio=10 state=4 target_fps=30
cannonball: drawperf fps=28 draw=6
cannonball: renderperf fps=28 update=3
cannonball: perf fps=27 avg_ms total=36 tick=1 prep=14 render=10 audio=10 state=4 target_fps=30
cannonball: perf fps=28 avg_ms total=35 tick=1 prep=13 render=10 audio=10 state=4 target_fps=30
cannonball: drawperf fps=27 draw=6
cannonball: renderperf fps=27 update=3
cannonball: perf fps=27 avg_ms total=36 tick=1 prep=13 render=10 audio=10 state=4 target_fps=30
cannonball: perf fps=27 avg_ms total=36 tick=1 prep=14 render=10 audio=10 state=4 target_fps=30
cannonball: spriteperf fps=28 sprites=57 shadow=7 fullclip=57 rows=468 rows_1x=80
cannonball: spritezoom cumulative rows=4500640
cannonball: spritezoom rank=1 hzoom=0x1f8 rows=125556 cumulative=470748
cannonball: spritezoom rank=2 hzoom=0x200 rows=69096 cumulative=421723
cannonball: spritezoom rank=3 hzoom=0x1a9 rows=15799 cumulative=124165
cannonball: spritezoom rank=4 hzoom=0x3f0 rows=14243 cumulative=158213
cannonball: spritezoom rank=5 hzoom=0x329 rows=7035 cumulative=133707
cannonball: spritezoom rank=6 hzoom=0x243 rows=6950 cumulative=97973
cannonball: spritezoom rank=7 hzoom=0x2a3 rows=6424 cumulative=95499
cannonball: spritezoom rank=8 hzoom=0x2e0 rows=5924 cumulative=76132
cannonball: spritezoom rank=9 hzoom=0x270 rows=5789 cumulative=83358
cannonball: spritezoom rank=10 hzoom=0x381 rows=5233 cumulative=86697
cannonball: spritezoom rank=11 hzoom=0x214 rows=4622 cumulative=57060
cannonball: spritezoom rank=12 hzoom=0x20c rows=4547 cumulative=85066
cannonball: spritezoom cumulative-rank=1 hzoom=0x1f8 rows=470748
cannonball: spritezoom cumulative-rank=2 hzoom=0x200 rows=421723
cannonball: spritezoom cumulative-rank=3 hzoom=0x3f0 rows=158213
cannonball: spritezoom cumulative-rank=4 hzoom=0x329 rows=133707
cannonball: spritezoom cumulative-rank=5 hzoom=0x1a9 rows=124165
cannonball: spritezoom cumulative-rank=6 hzoom=0x243 rows=97973
cannonball: spritezoom cumulative-rank=7 hzoom=0x2a3 rows=95499
cannonball: spritezoom cumulative-rank=8 hzoom=0x381 rows=86697
cannonball: spritezoom cumulative-rank=9 hzoom=0x20c rows=85066
cannonball: spritezoom cumulative-rank=10 hzoom=0x270 rows=83358
cannonball: spritezoom cumulative-rank=11 hzoom=0x230 rows=79331
cannonball: spritezoom cumulative-rank=12 hzoom=0x2e0 rows=76132
cannonball: videoperf fps=28 total=14 tile_update=0 road_bg=2 tile_bg=0 tile_fg=0 road_fg=4 sprites=5 text=0 black=0
cannonball: roadperf fps=28 control=1 rows_drawn=71 rows_skipped=152
cannonball: perf fps=27 avg_ms total=36 tick=1 prep=14 render=10 audio=10 state=4 target_fps=30
cannonball: drawperf fps=27 draw=6
cannonball: renderperf fps=27 update=3
cannonball: perf fps=28 avg_ms total=35 tick=1 prep=14 render=10 audio=9 state=4 target_fps=30
cannonball: perf fps=27 avg_ms total=36 tick=1 prep=14 render=10 audio=10 state=4 target_fps=30
cannonball: drawperf fps=27 draw=6
cannonball: renderperf fps=27 update=3
cannonball: perf fps=26 avg_ms total=37 tick=1 prep=14 render=10 audio=11 state=4 target_fps=30
cannonball: perf fps=26 avg_ms total=37 tick=1 prep=14 render=10 audio=11 state=4 target_fps=30
cannonball: perf fps=26 avg_ms total=37 tick=1 prep=14 render=10 audio=11 state=4 target_fps=30
cannonball: drawperf fps=26 draw=6
cannonball: renderperf fps=26 update=3
cannonball: perf fps=27 avg_ms total=36 tick=1 prep=14 render=10 audio=9 state=4 target_fps=30
cannonball: perf fps=26 avg_ms total=37 tick=1 prep=15 render=10 audio=10 state=4 target_fps=30
cannonball: drawperf fps=27 draw=6
cannonball: renderperf fps=27 update=3
cannonball: perf fps=26 avg_ms total=37 tick=1 prep=15 render=10 audio=10 state=4 target_fps=30
cannonball: perf fps=27 avg_ms total=36 tick=1 prep=14 render=10 audio=10 state=4 target_fps=30
cannonball: perf fps=26 avg_ms total=37 tick=1 prep=14 render=11 audio=10 state=4 target_fps=30
cannonball: drawperf fps=27 draw=6
cannonball: renderperf fps=27 update=3
cannonball: perf fps=26 avg_ms total=37 tick=1 prep=14 render=10 audio=10 state=4 target_fps=30
cannonball: perf fps=26 avg_ms total=37 tick=1 prep=15 render=10 audio=10 state=4 target_fps=30
cannonball: drawperf fps=26 draw=6
cannonball: renderperf fps=26 update=3
cannonball: perf fps=27 avg_ms total=36 tick=1 prep=14 render=10 audio=10 state=4 target_fps=30
cannonball: perf fps=30 avg_ms total=33 tick=0 prep=11 render=10 audio=10 state=4 target_fps=30
cannonball: spriteperf fps=27 sprites=58 shadow=7 fullclip=58 rows=481 rows_1x=77
cannonball: spritezoom cumulative rows=4898036
cannonball: spritezoom rank=1 hzoom=0x1f8 rows=120799 cumulative=591547
cannonball: spritezoom rank=2 hzoom=0x200 rows=63930 cumulative=485653
cannonball: spritezoom rank=3 hzoom=0x1a9 rows=15273 cumulative=139438
cannonball: spritezoom rank=4 hzoom=0x3f0 rows=13937 cumulative=172150
cannonball: spritezoom rank=5 hzoom=0x243 rows=7505 cumulative=105478
cannonball: spritezoom rank=6 hzoom=0x2a3 rows=6120 cumulative=101619
cannonball: spritezoom rank=7 hzoom=0x329 rows=6062 cumulative=139769
cannonball: spritezoom rank=8 hzoom=0x381 rows=5868 cumulative=92565
cannonball: spritezoom rank=9 hzoom=0x270 rows=5484 cumulative=88842
cannonball: spritezoom rank=10 hzoom=0x2e0 rows=5004 cumulative=81136
cannonball: spritezoom rank=11 hzoom=0x21b rows=4743 cumulative=80437
cannonball: spritezoom rank=12 hzoom=0x288 rows=4504 cumulative=68057
cannonball: spritezoom cumulative-rank=1 hzoom=0x1f8 rows=591547
cannonball: spritezoom cumulative-rank=2 hzoom=0x200 rows=485653
cannonball: spritezoom cumulative-rank=3 hzoom=0x3f0 rows=172150
cannonball: spritezoom cumulative-rank=4 hzoom=0x329 rows=139769
cannonball: spritezoom cumulative-rank=5 hzoom=0x1a9 rows=139438
cannonball: spritezoom cumulative-rank=6 hzoom=0x243 rows=105478
cannonball: spritezoom cumulative-rank=7 hzoom=0x2a3 rows=101619
cannonball: spritezoom cumulative-rank=8 hzoom=0x381 rows=92565
cannonball: spritezoom cumulative-rank=9 hzoom=0x20c rows=89357
cannonball: spritezoom cumulative-rank=10 hzoom=0x270 rows=88842
cannonball: spritezoom cumulative-rank=11 hzoom=0x230 rows=83100
cannonball: spritezoom cumulative-rank=12 hzoom=0x2e0 rows=81136
cannonball: videoperf fps=27 total=14 tile_update=0 road_bg=2 tile_bg=0 tile_fg=0 road_fg=4 sprites=5 text=0 black=0
cannonball: roadperf fps=27 control=1 rows_drawn=71 rows_skipped=152
cannonball: perf fps=31 avg_ms total=31 tick=0 prep=9 render=10 audio=10 state=4 target_fps=30
cannonball: drawperf fps=30 draw=6
cannonball: renderperf fps=30 update=3
cannonball: perf fps=31 avg_ms total=31 tick=0 prep=9 render=10 audio=10 state=4 target_fps=30
cannonball: perf fps=31 avg_ms total=31 tick=0 prep=8 render=10 audio=12 state=4 target_fps=30
cannonball: drawperf fps=31 draw=6
cannonball: renderperf fps=31 update=3
cannonball: perf fps=29 avg_ms total=33 tick=0 prep=7 render=11 audio=13 state=4 target_fps=30
cannonball: perf fps=29 avg_ms total=33 tick=0 prep=8 render=10 audio=13 state=4 target_fps=30
cannonball: stage advanced 2 -> 3, stage_lookup_off=26, advance 3/3
cannonball: target advance count reached, calling arch_exit()
INFO: Double Buffer video enabled
vid_set_mode: 640x480 VGA with 1 framebuffers.
Program returned 0
