Connecting to 192.168.0.128...
send_and_wait: retrying EXEC (attempt 6/20)...
send_and_wait: retrying EXEC (attempt 11/20)...
send_and_wait: retrying EXEC (attempt 16/20)...
send_and_wait: EXEC failed after 20 attempts
execute failed
dc-load-ip 3.0.1 using Broadband Adapter (HIT-0400)
Console enabled
Upload <cannonball.elf>
File format is ELF, start address is 0x8c010000
Section .text, lma 0x8c010000, size 1721208
Section .init, lma 0x8c1b6000, size 54
Section .fini, lma 0x8c1b6038, size 42
Section .rodata, lma 0x8c1b6080, size 177444
Section .eh_frame, lma 0x8c1e15a4, size 97620
Section .gcc_except_table, lma 0x8c1f92f8, size 11269
Section .ctors, lma 0x8c1fbf80, size 52
Section .dtors, lma 0x8c1fbfb4, size 8
Section .data, lma 0x8c1fbfbc, size 12952
Section .got, lma 0x8c1ff254, size 12
Transferred 2020661 bytes at 6062025 bytes / sec
Executing at 0x8c010000
Sending execute command (0xac010000, console=1, cdfsredir=0)...argv(1, argv0="cannonball.elf")...