Connecting to 192.168.0.128...
dc-load-ip 3.0.1 using Broadband Adapter (HIT-0400)
Console enabled
Upload <cannonball.elf>
File format is ELF, start address is 0x8c010000
Section .text, lma 0x8c010000, size 1722264
Section .init, lma 0x8c1b6000, size 54
Section .fini, lma 0x8c1b6038, size 42
Section .rodata, lma 0x8c1b6080, size 177444
Section .eh_frame, lma 0x8c1e15a4, size 97748
Section .gcc_except_table, lma 0x8c1f9378, size 11265
Section .ctors, lma 0x8c1fbffc, size 52
Section .dtors, lma 0x8c1fc030, size 8
Section .data, lma 0x8c1fc038, size 12952
Section .got, lma 0x8c1ff2d0, size 12
Transferred 2021841 bytes at 4842072 bytes / sec
Executing at 0x8c010000
Sending execute command (0xac010000, console=1, cdfsredir=0)...argv(1, argv0="cannonball.elf")...executing

--
KallistiOS v2.3.0 [dreamcast/pristine]
  Git revision: fcfa7d86
  Mon Sep 14 01:18:49 PM MST 2026
  gpf@gpf-B550-Phantom-Gaming-4-ac:/opt/toolchains/dc/kos
  sh-elf-gcc (GCC) 17.0.0 20260703 (experimental)
maple: active drivers:
    Dreameye (Camera): Camera
    Sound Input Peripheral: Microphone
    PuruPuru (Vibration) Pack: JumpPack
    VMU Driver: Clock, LCD, MemoryCard
    Mouse Driver: Mouse
    Keyboard Driver: Keyboard
    Controller Driver: Controller
    Lightgun: LightGun
vid_set_mode: 640x480 VGA with 1 framebuffers.
dc-load console support enabled
maple: attached devices:
  A0: Dreamcast Controller           (01000000: Controller)
  A1: Visual Memory                  (0e000000: Clock, LCD, MemoryCard)
  D0: Keyboard                       (40000000: Keyboard)

cannonball: Config::load cfg=/cd/config.xml
fs_iso9660: disc change detected
cannonball: Config::load failed to read /cd/config.xml
cannonball: Config::load using /pc/config.xml fallback
[VMU] Open file /vmu/a1/CANNON
[VMU] Open file /vmu/a1/CANNON: OK
[VMU] Loaded settings from CANNON (624 bytes)
cannonball: Config::load dreamcast parser done
INFO: SDL2 Dreamcast video initialized: 640x480
Initializing joysticks...
No rumble device at port 0
Joystick found at port 0
No joystick at port 1
No joystick at port 2
No joystick at port 3
No joystick at port 4
No joystick at port 5
No joystick at port 6
No joystick at port 7
Number of joysticks initialized: 1
INFO: Initializing dreamcast haptic devices...
INFO: Opening audio device
INFO: Buffer size: 4096
INFO: 16-bit PCM audio format enabled
INFO: Dreamcast audio driver initialized
cannonball: audio desired freq=11025 fmt=0x8010 channels=2 samples=1024 obtained freq=11025 fmt=0x8010 channels=2 samples=1024
cannonball: Dreamcast render layout src=320x224 screen=320x240 dst=0,8 320x224 mode=2
INFO: Display modes for Dreamcast retrieved successfully.
INFO: DREAMCAST_CreateWindow: window 640x480 created for native PVR renderer
INFO: Double Buffer video enabled
vid_set_mode: 320x240 VGA with 1 framebuffers.
INFO: Dreamcast PVR
cannonball: renderer=0x8c8adc28 name=Dreamcast PVR flags=0xe
cannonball: creating texture 320x240 surface=320x240 src=320x224 dst=320x224
cannonball: created texture=0x8c8ade88 actual=320x240 format=SDL_PIXELFORMAT_RGB565 access=1 renderer=0x8c8adc28
cannonball: Dreamcast texture framebuffer surface=320x240 pitch=640 format=SDL_PIXELFORMAT_RGB565
cannonball: state -1 -> 1 frame=1
cannonball: state 1 -> 2 frame=2
cannonball: state 2 -> 3 frame=4
[VMU] Open file /vmu/a1/CANNON
[VMU] Open file /vmu/a1/CANNON: OK
[VMU] Loaded 20 score entries from CANNON (624 bytes)
cannonball: state 3 -> 4 frame=5
cannonball: perf fps=13 avg_ms total=74 tick=18 prep=39 render=10 audio=4 state=4 target_fps=30
cannonball: perf fps=19 avg_ms total=51 tick=1 prep=35 render=9 audio=4 state=4 target_fps=30
cannonball: drawperf fps=18 draw=7
cannonball: renderperf fps=18 update=3
cannonball: perf fps=27 avg_ms total=35 tick=0 prep=20 render=9 audio=4 state=4 target_fps=30
cannonball: perf fps=26 avg_ms total=38 tick=0 prep=22 render=10 audio=4 state=4 target_fps=30
cannonball: drawperf fps=26 draw=6
cannonball: renderperf fps=26 update=3
cannonball: perf fps=25 avg_ms total=38 tick=1 prep=22 render=10 audio=4 state=4 target_fps=30
cannonball: perf fps=23 avg_ms total=41 tick=0 prep=26 render=9 audio=4 state=4 target_fps=30
cannonball: perf fps=20 avg_ms total=49 tick=0 prep=33 render=10 audio=4 state=4 target_fps=30
cannonball: drawperf fps=21 draw=6
cannonball: renderperf fps=21 update=3
cannonball: perf fps=20 avg_ms total=49 tick=0 prep=33 render=10 audio=4 state=4 target_fps=30
cannonball: perf fps=20 avg_ms total=49 tick=0 prep=34 render=9 audio=4 state=4 target_fps=30
cannonball: drawperf fps=20 draw=6
cannonball: renderperf fps=20 update=3
cannonball: perf fps=20 avg_ms total=49 tick=0 prep=33 render=10 audio=4 state=4 target_fps=30
cannonball: perf fps=19 avg_ms total=50 tick=0 prep=34 render=9 audio=4 state=4 target_fps=30
cannonball: perf fps=25 avg_ms total=38 tick=0 prep=23 render=9 audio=4 state=4 target_fps=30
cannonball: drawperf fps=23 draw=6
cannonball: renderperf fps=23 update=3
cannonball: perf fps=28 avg_ms total=34 tick=0 prep=19 render=9 audio=4 state=4 target_fps=30
cannonball: perf fps=28 avg_ms total=34 tick=0 prep=19 render=9 audio=4 state=4 target_fps=30
cannonball: videoperf fps=23 total=27 tile_update=0 road_bg=2 tile_bg=1 tile_fg=0 road_fg=13 sprites=9 text=0 black=0
cannonball: roadperf fps=23 control=1 rows_drawn=99 rows_skipped=124
cannonball: spriteperf fps=23 sprites=46 shadow=38 fullclip=46 rows=930 rows_1x=46
cannonball: spritezoom cumulative rows=644618
cannonball: spritezoom rank=1 hzoom=0x1f8 rows=97271 cumulative=97271
cannonball: spritezoom rank=2 hzoom=0x200 rows=31882 cumulative=31882
cannonball: spritezoom rank=3 hzoom=0x10c rows=25015 cumulative=25015
cannonball: spritezoom rank=4 hzoom=0x329 rows=12949 cumulative=12949
cannonball: spritezoom rank=5 hzoom=0x1a9 rows=12089 cumulative=12089
cannonball: spritezoom rank=6 hzoom=0x3f0 rows=11732 cumulative=11732
cannonball: spritezoom rank=7 hzoom=0x2a3 rows=9967 cumulative=9967
cannonball: spritezoom rank=8 hzoom=0x3b6 rows=9800 cumulative=9800
cannonball: spritezoom rank=9 hzoom=0x243 rows=9326 cumulative=9326
cannonball: spritezoom rank=10 hzoom=0x230 rows=8705 cumulative=8705
cannonball: spritezoom rank=11 hzoom=0x1af rows=8600 cumulative=8600
cannonball: spritezoom rank=12 hzoom=0x369 rows=8106 cumulative=8106
cannonball: spritezoom cumulative-rank=1 hzoom=0x1f8 rows=97271
cannonball: spritezoom cumulative-rank=2 hzoom=0x200 rows=31882
cannonball: spritezoom cumulative-rank=3 hzoom=0x10c rows=25015
cannonball: spritezoom cumulative-rank=4 hzoom=0x329 rows=12949
cannonball: spritezoom cumulative-rank=5 hzoom=0x1a9 rows=12089
cannonball: spritezoom cumulative-rank=6 hzoom=0x3f0 rows=11732
cannonball: spritezoom cumulative-rank=7 hzoom=0x2a3 rows=9967
cannonball: spritezoom cumulative-rank=8 hzoom=0x3b6 rows=9800
cannonball: spritezoom cumulative-rank=9 hzoom=0x243 rows=9326
cannonball: spritezoom cumulative-rank=10 hzoom=0x230 rows=8705
cannonball: spritezoom cumulative-rank=11 hzoom=0x1af rows=8600
cannonball: spritezoom cumulative-rank=12 hzoom=0x369 rows=8106
cannonball: drawperf fps=27 draw=6
cannonball: renderperf fps=27 update=3
cannonball: perf fps=24 avg_ms total=40 tick=0 prep=25 render=10 audio=4 state=4 target_fps=30
cannonball: perf fps=23 avg_ms total=43 tick=0 prep=28 render=9 audio=4 state=4 target_fps=30
cannonball: perf fps=19 avg_ms total=50 tick=1 prep=35 render=9 audio=4 state=4 target_fps=30
cannonball: drawperf fps=21 draw=6
cannonball: renderperf fps=21 update=3
cannonball: perf fps=18 avg_ms total=53 tick=0 prep=38 render=9 audio=4 state=4 target_fps=30
cannonball: perf fps=19 avg_ms total=51 tick=1 prep=36 render=10 audio=4 state=4 target_fps=30
cannonball: drawperf fps=19 draw=6
cannonball: renderperf fps=19 update=3
cannonball: perf fps=20 avg_ms total=49 tick=1 prep=34 render=10 audio=4 state=4 target_fps=30
cannonball: perf fps=19 avg_ms total=51 tick=1 prep=36 render=9 audio=4 state=4 target_fps=30
cannonball: perf fps=18 avg_ms total=53 tick=1 prep=37 render=9 audio=4 state=4 target_fps=30
cannonball: drawperf fps=18 draw=6
cannonball: renderperf fps=18 update=3
cannonball: perf fps=17 avg_ms total=58 tick=1 prep=43 render=9 audio=4 state=4 target_fps=30
cannonball: perf fps=16 avg_ms total=59 tick=0 prep=44 render=9 audio=4 state=4 target_fps=30
cannonball: drawperf fps=16 draw=6
cannonball: renderperf fps=16 update=3
cannonball: perf fps=16 avg_ms total=59 tick=0 prep=44 render=9 audio=4 state=4 target_fps=30
cannonball: perf fps=16 avg_ms total=60 tick=1 prep=44 render=9 audio=4 state=4 target_fps=30
cannonball: perf fps=16 avg_ms total=60 tick=1 prep=44 render=10 audio=4 state=4 target_fps=30
cannonball: drawperf fps=16 draw=6
cannonball: renderperf fps=16 update=3
cannonball: perf fps=16 avg_ms total=61 tick=1 prep=46 render=9 audio=4 state=4 target_fps=30
cannonball: perf fps=16 avg_ms total=59 tick=1 prep=43 render=10 audio=4 state=4 target_fps=30
cannonball: videoperf fps=18 total=38 tile_update=0 road_bg=1 tile_bg=1 tile_fg=0 road_fg=19 sprites=16 text=0 black=0
cannonball: roadperf fps=18 control=1 rows_drawn=137 rows_skipped=86
cannonball: spriteperf fps=18 sprites=64 shadow=33 fullclip=64 rows=1076 rows_1x=75
cannonball: spritezoom cumulative rows=1239722
cannonball: spritezoom rank=1 hzoom=0x200 rows=41920 cumulative=73802
cannonball: spritezoom rank=2 hzoom=0x243 rows=15711 cumulative=25037
cannonball: spritezoom rank=3 hzoom=0x3f0 rows=14362 cumulative=26094
cannonball: spritezoom rank=4 hzoom=0x20c rows=13484 cumulative=21244
cannonball: spritezoom rank=5 hzoom=0x234 rows=13428 cumulative=16804
cannonball: spritezoom rank=6 hzoom=0x15c rows=12446 cumulative=14716
cannonball: spritezoom rank=7 hzoom=0x100 rows=12314 cumulative=14326
cannonball: spritezoom rank=8 hzoom=0x230 rows=12311 cumulative=21016
cannonball: spritezoom rank=9 hzoom=0x1a9 rows=11678 cumulative=23767
cannonball: spritezoom rank=10 hzoom=0x21b rows=11669 cumulative=19688
cannonball: spritezoom rank=11 hzoom=0x214 rows=11072 cumulative=17921
cannonball: spritezoom rank=12 hzoom=0x199 rows=11043 cumulative=15685
cannonball: spritezoom cumulative-rank=1 hzoom=0x1f8 rows=101489
cannonball: spritezoom cumulative-rank=2 hzoom=0x200 rows=73802
cannonball: spritezoom cumulative-rank=3 hzoom=0x10c rows=27277
cannonball: spritezoom cumulative-rank=4 hzoom=0x3f0 rows=26094
cannonball: spritezoom cumulative-rank=5 hzoom=0x243 rows=25037
cannonball: spritezoom cumulative-rank=6 hzoom=0x1a9 rows=23767
cannonball: spritezoom cumulative-rank=7 hzoom=0x20c rows=21244
cannonball: spritezoom cumulative-rank=8 hzoom=0x230 rows=21016
cannonball: spritezoom cumulative-rank=9 hzoom=0x21b rows=19688
cannonball: spritezoom cumulative-rank=10 hzoom=0x329 rows=19340
cannonball: spritezoom cumulative-rank=11 hzoom=0x214 rows=17921
cannonball: spritezoom cumulative-rank=12 hzoom=0x2a3 rows=17110
cannonball: drawperf fps=17 draw=6
cannonball: renderperf fps=17 update=3
cannonball: perf fps=19 avg_ms total=51 tick=1 prep=36 render=9 audio=4 state=4 target_fps=30
cannonball: perf fps=21 avg_ms total=46 tick=1 prep=30 render=9 audio=4 state=4 target_fps=30
cannonball: perf fps=27 avg_ms total=35 tick=0 prep=19 render=9 audio=4 state=4 target_fps=30
cannonball: drawperf fps=24 draw=6
cannonball: renderperf fps=24 update=3
cannonball: perf fps=29 avg_ms total=33 tick=0 prep=15 render=9 audio=4 state=4 target_fps=30
cannonball: perf fps=29 avg_ms total=34 tick=0 prep=13 render=9 audio=4 state=4 target_fps=30
cannonball: drawperf fps=29 draw=6
cannonball: renderperf fps=29 update=3
cannonball: perf fps=29 avg_ms total=33 tick=0 prep=11 render=9 audio=4 state=4 target_fps=30
cannonball: /pc/exit_now detected, calling arch_exit()
INFO: Double Buffer video enabled
vid_set_mode: 640x480 VGA with 1 framebuffers.
Program returned 0
