Connecting to 192.168.0.128...
dc-load-ip 3.0.1 using Broadband Adapter (HIT-0400)
Console enabled
Upload <cannonball.elf>
File format is ELF, start address is 0x8c010000
Section .text, lma 0x8c010000, size 1722264
Section .init, lma 0x8c1b6000, size 54
Section .fini, lma 0x8c1b6038, size 42
Section .rodata, lma 0x8c1b6080, size 177444
Section .eh_frame, lma 0x8c1e15a4, size 97748
Section .gcc_except_table, lma 0x8c1f9378, size 11265
Section .ctors, lma 0x8c1fbffc, size 52
Section .dtors, lma 0x8c1fc030, size 8
Section .data, lma 0x8c1fc038, size 12952
Section .got, lma 0x8c1ff2d0, size 12
Transferred 2021841 bytes at 4784528 bytes / sec
Executing at 0x8c010000
Sending execute command (0xac010000, console=1, cdfsredir=0)...argv(1, argv0="cannonball.elf")...executing

--
KallistiOS v2.3.0 [dreamcast/pristine]
  Git revision: fcfa7d86
  Mon Sep 14 01:18:49 PM MST 2026
  gpf@gpf-B550-Phantom-Gaming-4-ac:/opt/toolchains/dc/kos
  sh-elf-gcc (GCC) 17.0.0 20260703 (experimental)
maple: active drivers:
    Dreameye (Camera): Camera
    Sound Input Peripheral: Microphone
    PuruPuru (Vibration) Pack: JumpPack
    VMU Driver: Clock, LCD, MemoryCard
    Mouse Driver: Mouse
    Keyboard Driver: Keyboard
    Controller Driver: Controller
    Lightgun: LightGun
vid_set_mode: 640x480 VGA with 1 framebuffers.
dc-load console support enabled
maple: attached devices:
  A0: Dreamcast Controller           (01000000: Controller)
  A1: Visual Memory                  (0e000000: Clock, LCD, MemoryCard)
  D0: Keyboard                       (40000000: Keyboard)

cannonball: Config::load cfg=/cd/config.xml
fs_iso9660: disc change detected
cannonball: Config::load failed to read /cd/config.xml
cannonball: Config::load using /pc/config.xml fallback
[VMU] Open file /vmu/a1/CANNON
[VMU] Open file /vmu/a1/CANNON: OK
[VMU] Loaded settings from CANNON (624 bytes)
cannonball: Config::load dreamcast parser done
INFO: SDL2 Dreamcast video initialized: 640x480
Initializing joysticks...
No rumble device at port 0
Joystick found at port 0
No joystick at port 1
No joystick at port 2
No joystick at port 3
No joystick at port 4
No joystick at port 5
No joystick at port 6
No joystick at port 7
Number of joysticks initialized: 1
INFO: Initializing dreamcast haptic devices...
INFO: Opening audio device
INFO: Buffer size: 4096
INFO: 16-bit PCM audio format enabled
INFO: Dreamcast audio driver initialized
cannonball: audio desired freq=11025 fmt=0x8010 channels=2 samples=1024 obtained freq=11025 fmt=0x8010 channels=2 samples=1024
cannonball: Dreamcast render layout src=320x224 screen=320x240 dst=0,8 320x224 mode=2
INFO: Display modes for Dreamcast retrieved successfully.
INFO: DREAMCAST_CreateWindow: window 640x480 created for native PVR renderer
INFO: Double Buffer video enabled
vid_set_mode: 320x240 VGA with 1 framebuffers.
INFO: Dreamcast PVR
cannonball: renderer=0x8c8adc28 name=Dreamcast PVR flags=0xe
cannonball: creating texture 320x240 surface=320x240 src=320x224 dst=320x224
cannonball: created texture=0x8c8ade88 actual=320x240 format=SDL_PIXELFORMAT_RGB565 access=1 renderer=0x8c8adc28
cannonball: Dreamcast texture framebuffer surface=320x240 pitch=640 format=SDL_PIXELFORMAT_RGB565
cannonball: state -1 -> 1 frame=1
cannonball: state 1 -> 2 frame=2
cannonball: state 2 -> 3 frame=4
[VMU] Open file /vmu/a1/CANNON
[VMU] Open file /vmu/a1/CANNON: OK
[VMU] Loaded 20 score entries from CANNON (624 bytes)
cannonball: state 3 -> 4 frame=5
cannonball: perf fps=14 avg_ms total=67 tick=12 prep=39 render=10 audio=4 state=4 target_fps=30
cannonball: perf fps=20 avg_ms total=48 tick=0 prep=32 render=9 audio=5 state=4 target_fps=30
cannonball: drawperf fps=20 draw=7
cannonball: renderperf fps=20 update=3
cannonball: perf fps=29 avg_ms total=34 tick=0 prep=15 render=9 audio=4 state=4 target_fps=30
cannonball: perf fps=29 avg_ms total=33 tick=1 prep=17 render=9 audio=4 state=4 target_fps=30
cannonball: drawperf fps=29 draw=6
cannonball: renderperf fps=29 update=3
cannonball: perf fps=29 avg_ms total=33 tick=1 prep=17 render=9 audio=4 state=4 target_fps=30
cannonball: perf fps=26 avg_ms total=37 tick=1 prep=21 render=9 audio=4 state=4 target_fps=30
cannonball: perf fps=28 avg_ms total=35 tick=1 prep=20 render=9 audio=4 state=4 target_fps=30
cannonball: drawperf fps=27 draw=6
cannonball: renderperf fps=27 update=3
cannonball: perf fps=28 avg_ms total=35 tick=0 prep=19 render=10 audio=4 state=4 target_fps=30
cannonball: perf fps=27 avg_ms total=36 tick=0 prep=20 render=9 audio=4 state=4 target_fps=30
cannonball: drawperf fps=28 draw=6
cannonball: renderperf fps=28 update=3
cannonball: perf fps=29 avg_ms total=34 tick=1 prep=16 render=9 audio=4 state=4 target_fps=30
cannonball: perf fps=29 avg_ms total=33 tick=1 prep=13 render=9 audio=4 state=4 target_fps=30
cannonball: perf fps=29 avg_ms total=33 tick=0 prep=12 render=9 audio=4 state=4 target_fps=30
cannonball: drawperf fps=29 draw=6
cannonball: renderperf fps=29 update=3
cannonball: perf fps=29 avg_ms total=34 tick=1 prep=12 render=9 audio=4 state=4 target_fps=30
cannonball: perf fps=28 avg_ms total=34 tick=1 prep=14 render=9 audio=4 state=4 target_fps=30
cannonball: roadperf fps=27 control=1 rows_drawn=90 rows_skipped=133
cannonball: spriteperf fps=27 sprites=59 shadow=45 fullclip=59 rows=1108 rows_1x=48
cannonball: spritezoom cumulative rows=910961
cannonball: spritezoom rank=1 hzoom=0x1f8 rows=60907 cumulative=60907
cannonball: spritezoom rank=2 hzoom=0x3f0 rows=45190 cumulative=45190
cannonball: spritezoom rank=3 hzoom=0x200 rows=39458 cumulative=39458
cannonball: spritezoom rank=4 hzoom=0x2a3 rows=31290 cumulative=31290
cannonball: spritezoom rank=5 hzoom=0x329 rows=30497 cumulative=30497
cannonball: spritezoom rank=6 hzoom=0x243 rows=28574 cumulative=28574
cannonball: spritezoom rank=7 hzoom=0x381 rows=25823 cumulative=25823
cannonball: spritezoom rank=8 hzoom=0x2e0 rows=23324 cumulative=23324
cannonball: spritezoom rank=9 hzoom=0x20c rows=22203 cumulative=22203
cannonball: spritezoom rank=10 hzoom=0x21b rows=21621 cumulative=21621
cannonball: spritezoom rank=11 hzoom=0x270 rows=20470 cumulative=20470
cannonball: spritezoom rank=12 hzoom=0x353 rows=18788 cumulative=18788
cannonball: spritezoom cumulative-rank=1 hzoom=0x1f8 rows=60907
cannonball: spritezoom cumulative-rank=2 hzoom=0x3f0 rows=45190
cannonball: spritezoom cumulative-rank=3 hzoom=0x200 rows=39458
cannonball: spritezoom cumulative-rank=4 hzoom=0x2a3 rows=31290
cannonball: spritezoom cumulative-rank=5 hzoom=0x329 rows=30497
cannonball: spritezoom cumulative-rank=6 hzoom=0x243 rows=28574
cannonball: spritezoom cumulative-rank=7 hzoom=0x381 rows=25823
cannonball: spritezoom cumulative-rank=8 hzoom=0x2e0 rows=23324
cannonball: spritezoom cumulative-rank=9 hzoom=0x20c rows=22203
cannonball: spritezoom cumulative-rank=10 hzoom=0x21b rows=21621
cannonball: spritezoom cumulative-rank=11 hzoom=0x270 rows=20470
cannonball: spritezoom cumulative-rank=12 hzoom=0x353 rows=18788
cannonball: videoperf fps=27 total=18 tile_update=0 road_bg=2 tile_bg=0 tile_fg=0 road_fg=6 sprites=7 text=0 black=0
cannonball: drawperf fps=29 draw=6
cannonball: renderperf fps=29 update=3
cannonball: perf fps=29 avg_ms total=33 tick=1 prep=15 render=9 audio=4 state=4 target_fps=30
cannonball: perf fps=29 avg_ms total=34 tick=1 prep=15 render=9 audio=4 state=4 target_fps=30
cannonball: perf fps=29 avg_ms total=33 tick=1 prep=14 render=9 audio=4 state=4 target_fps=30
cannonball: drawperf fps=29 draw=6
cannonball: renderperf fps=29 update=3
cannonball: perf fps=28 avg_ms total=34 tick=1 prep=16 render=9 audio=4 state=4 target_fps=30
cannonball: perf fps=28 avg_ms total=35 tick=1 prep=19 render=9 audio=4 state=4 target_fps=30
cannonball: drawperf fps=28 draw=6
cannonball: renderperf fps=28 update=3
cannonball: perf fps=29 avg_ms total=34 tick=0 prep=18 render=10 audio=4 state=4 target_fps=30
cannonball: perf fps=29 avg_ms total=33 tick=1 prep=18 render=9 audio=4 state=4 target_fps=30
cannonball: perf fps=29 avg_ms total=34 tick=0 prep=15 render=9 audio=4 state=4 target_fps=30
cannonball: drawperf fps=29 draw=6
cannonball: renderperf fps=29 update=3
cannonball: perf fps=29 avg_ms total=33 tick=1 prep=13 render=9 audio=4 state=4 target_fps=30
cannonball: perf fps=29 avg_ms total=34 tick=0 prep=12 render=10 audio=4 state=4 target_fps=30
cannonball: drawperf fps=29 draw=6
cannonball: renderperf fps=29 update=3
cannonball: perf fps=29 avg_ms total=33 tick=1 prep=12 render=9 audio=4 state=4 target_fps=30
cannonball: perf fps=29 avg_ms total=33 tick=1 prep=14 render=9 audio=4 state=4 target_fps=30
cannonball: perf fps=29 avg_ms total=33 tick=1 prep=15 render=9 audio=4 state=4 target_fps=30
cannonball: drawperf fps=29 draw=6
cannonball: renderperf fps=29 update=3
cannonball: perf fps=29 avg_ms total=34 tick=1 prep=15 render=9 audio=4 state=4 target_fps=30
cannonball: perf fps=29 avg_ms total=34 tick=1 prep=15 render=9 audio=4 state=4 target_fps=30
cannonball: roadperf fps=29 control=1 rows_drawn=88 rows_skipped=135
cannonball: spriteperf fps=29 sprites=59 shadow=32 fullclip=59 rows=628 rows_1x=49
cannonball: spritezoom cumulative rows=1463627
cannonball: spritezoom rank=1 hzoom=0x1f8 rows=146278 cumulative=207185
cannonball: spritezoom rank=2 hzoom=0x200 rows=43461 cumulative=82919
cannonball: spritezoom rank=3 hzoom=0x3f0 rows=29673 cumulative=74863
cannonball: spritezoom rank=4 hzoom=0x329 rows=16588 cumulative=47085
cannonball: spritezoom rank=5 hzoom=0x2a3 rows=16216 cumulative=47506
cannonball: spritezoom rank=6 hzoom=0x243 rows=15968 cumulative=44542
cannonball: spritezoom rank=7 hzoom=0x381 rows=14950 cumulative=40773
cannonball: spritezoom rank=8 hzoom=0x2e0 rows=14496 cumulative=37820
cannonball: spritezoom rank=9 hzoom=0x270 rows=13627 cumulative=34097
cannonball: spritezoom rank=10 hzoom=0x303 rows=12238 cumulative=30989
cannonball: spritezoom rank=11 hzoom=0x1a9 rows=11834 cumulative=25183
cannonball: spritezoom rank=12 hzoom=0x353 rows=10612 cumulative=29400
cannonball: spritezoom cumulative-rank=1 hzoom=0x1f8 rows=207185
cannonball: spritezoom cumulative-rank=2 hzoom=0x200 rows=82919
cannonball: spritezoom cumulative-rank=3 hzoom=0x3f0 rows=74863
cannonball: spritezoom cumulative-rank=4 hzoom=0x2a3 rows=47506
cannonball: spritezoom cumulative-rank=5 hzoom=0x329 rows=47085
cannonball: spritezoom cumulative-rank=6 hzoom=0x243 rows=44542
cannonball: spritezoom cumulative-rank=7 hzoom=0x381 rows=40773
cannonball: spritezoom cumulative-rank=8 hzoom=0x2e0 rows=37820
cannonball: spritezoom cumulative-rank=9 hzoom=0x270 rows=34097
cannonball: spritezoom cumulative-rank=10 hzoom=0x21b rows=31784
cannonball: spritezoom cumulative-rank=11 hzoom=0x303 rows=30989
cannonball: spritezoom cumulative-rank=12 hzoom=0x20c rows=30314
cannonball: videoperf fps=29 total=15 tile_update=0 road_bg=2 tile_bg=0 tile_fg=0 road_fg=5 sprites=5 text=0 black=0
cannonball: drawperf fps=29 draw=6
cannonball: renderperf fps=29 update=3
cannonball: perf fps=29 avg_ms total=34 tick=1 prep=14 render=9 audio=4 state=4 target_fps=30
cannonball: perf fps=28 avg_ms total=35 tick=1 prep=18 render=9 audio=4 state=4 target_fps=30
cannonball: perf fps=28 avg_ms total=34 tick=0 prep=19 render=10 audio=4 state=4 target_fps=30
cannonball: drawperf fps=28 draw=6
cannonball: renderperf fps=28 update=3
cannonball: perf fps=28 avg_ms total=35 tick=1 prep=20 render=10 audio=4 state=4 target_fps=30
cannonball: perf fps=28 avg_ms total=34 tick=1 prep=19 render=9 audio=4 state=4 target_fps=30
cannonball: drawperf fps=28 draw=6
cannonball: renderperf fps=28 update=3
cannonball: perf fps=29 avg_ms total=34 tick=0 prep=13 render=9 audio=4 state=4 target_fps=30
cannonball: /pc/exit_now detected, calling arch_exit()
INFO: Double Buffer video enabled
vid_set_mode: 640x480 VGA with 1 framebuffers.
Program returned 0
