Connecting to 192.168.0.128...
dc-load-ip 3.0.1 using Broadband Adapter (HIT-0400)
Console enabled
Upload <cannonball.elf>
File format is ELF, start address is 0x8c010000
Section .text, lma 0x8c010000, size 1722264
Section .init, lma 0x8c1b6000, size 54
Section .fini, lma 0x8c1b6038, size 42
Section .rodata, lma 0x8c1b6080, size 177444
Section .eh_frame, lma 0x8c1e15a4, size 97748
Section .gcc_except_table, lma 0x8c1f9378, size 11265
Section .ctors, lma 0x8c1fbffc, size 52
Section .dtors, lma 0x8c1fc030, size 8
Section .data, lma 0x8c1fc038, size 12952
Section .got, lma 0x8c1ff2d0, size 12
Transferred 2021841 bytes at 4848516 bytes / sec
Executing at 0x8c010000
Sending execute command (0xac010000, console=1, cdfsredir=0)...argv(1, argv0="cannonball.elf")...executing

--
KallistiOS v2.3.0 [dreamcast/pristine]
  Git revision: fcfa7d86
  Mon Sep 14 01:18:49 PM MST 2026
  gpf@gpf-B550-Phantom-Gaming-4-ac:/opt/toolchains/dc/kos
  sh-elf-gcc (GCC) 17.0.0 20260703 (experimental)
maple: active drivers:
    Dreameye (Camera): Camera
    Sound Input Peripheral: Microphone
    PuruPuru (Vibration) Pack: JumpPack
    VMU Driver: Clock, LCD, MemoryCard
    Mouse Driver: Mouse
    Keyboard Driver: Keyboard
    Controller Driver: Controller
    Lightgun: LightGun
vid_set_mode: 640x480 VGA with 1 framebuffers.
dc-load console support enabled
maple: attached devices:
  A0: Dreamcast Controller           (01000000: Controller)
  A1: Visual Memory                  (0e000000: Clock, LCD, MemoryCard)
  D0: Keyboard                       (40000000: Keyboard)

cannonball: Config::load cfg=/cd/config.xml
fs_iso9660: disc change detected
cannonball: Config::load failed to read /cd/config.xml
cannonball: Config::load using /pc/config.xml fallback
[VMU] Open file /vmu/a1/CANNON
[VMU] Open file /vmu/a1/CANNON: OK
[VMU] Loaded settings from CANNON (624 bytes)
cannonball: Config::load dreamcast parser done
INFO: SDL2 Dreamcast video initialized: 640x480
Initializing joysticks...
No rumble device at port 0
Joystick found at port 0
No joystick at port 1
No joystick at port 2
No joystick at port 3
No joystick at port 4
No joystick at port 5
No joystick at port 6
No joystick at port 7
Number of joysticks initialized: 1
INFO: Initializing dreamcast haptic devices...
INFO: Opening audio device
INFO: Buffer size: 4096
INFO: 16-bit PCM audio format enabled
INFO: Dreamcast audio driver initialized
cannonball: audio desired freq=11025 fmt=0x8010 channels=2 samples=1024 obtained freq=11025 fmt=0x8010 channels=2 samples=1024
cannonball: Dreamcast render layout src=320x224 screen=320x240 dst=0,8 320x224 mode=2
INFO: Display modes for Dreamcast retrieved successfully.
INFO: DREAMCAST_CreateWindow: window 640x480 created for native PVR renderer
INFO: Double Buffer video enabled
vid_set_mode: 320x240 VGA with 1 framebuffers.
INFO: Dreamcast PVR
cannonball: renderer=0x8c8adc28 name=Dreamcast PVR flags=0xe
cannonball: creating texture 320x240 surface=320x240 src=320x224 dst=320x224
cannonball: created texture=0x8c8ade88 actual=320x240 format=SDL_PIXELFORMAT_RGB565 access=1 renderer=0x8c8adc28
cannonball: Dreamcast texture framebuffer surface=320x240 pitch=640 format=SDL_PIXELFORMAT_RGB565
cannonball: state -1 -> 1 frame=1
cannonball: state 1 -> 2 frame=2
cannonball: state 2 -> 3 frame=4
[VMU] Open file /vmu/a1/CANNON
[VMU] Open file /vmu/a1/CANNON: OK
[VMU] Loaded 20 score entries from CANNON (624 bytes)
cannonball: state 3 -> 4 frame=5
cannonball: perf fps=14 avg_ms total=68 tick=12 prep=39 render=10 audio=4 state=4 target_fps=30
cannonball: perf fps=20 avg_ms total=49 tick=0 prep=33 render=9 audio=4 state=4 target_fps=30
cannonball: drawperf fps=19 draw=7
cannonball: renderperf fps=19 update=3
cannonball: perf fps=26 avg_ms total=37 tick=0 prep=22 render=9 audio=4 state=4 target_fps=30
cannonball: perf fps=22 avg_ms total=45 tick=1 prep=29 render=9 audio=4 state=4 target_fps=30
cannonball: drawperf fps=22 draw=6
cannonball: renderperf fps=22 update=3
cannonball: perf fps=21 avg_ms total=46 tick=1 prep=31 render=9 audio=4 state=4 target_fps=30
cannonball: perf fps=20 avg_ms total=48 tick=1 prep=32 render=9 audio=4 state=4 target_fps=30
cannonball: perf fps=20 avg_ms total=49 tick=1 prep=33 render=9 audio=4 state=4 target_fps=30
cannonball: drawperf fps=20 draw=6
cannonball: renderperf fps=20 update=3
cannonball: perf fps=19 avg_ms total=50 tick=0 prep=34 render=10 audio=4 state=4 target_fps=30
cannonball: perf fps=19 avg_ms total=52 tick=1 prep=36 render=10 audio=4 state=4 target_fps=30
cannonball: drawperf fps=19 draw=6
cannonball: renderperf fps=19 update=3
cannonball: perf fps=20 avg_ms total=50 tick=1 prep=34 render=10 audio=4 state=4 target_fps=30
cannonball: perf fps=17 avg_ms total=57 tick=1 prep=42 render=9 audio=4 state=4 target_fps=30
cannonball: perf fps=16 avg_ms total=60 tick=1 prep=45 render=9 audio=4 state=4 target_fps=30
cannonball: drawperf fps=17 draw=6
cannonball: renderperf fps=17 update=3
cannonball: perf fps=19 avg_ms total=51 tick=0 prep=36 render=9 audio=4 state=4 target_fps=30
cannonball: perf fps=20 avg_ms total=49 tick=0 prep=33 render=10 audio=4 state=4 target_fps=30
cannonball: roadperf fps=20 control=1 rows_drawn=129 rows_skipped=94
cannonball: spriteperf fps=20 sprites=61 shadow=54 fullclip=61 rows=1269 rows_1x=60
cannonball: spritezoom cumulative rows=769565
cannonball: spritezoom rank=1 hzoom=0x1f8 rows=119755 cumulative=119755
cannonball: spritezoom rank=2 hzoom=0x200 rows=36877 cumulative=36877
cannonball: spritezoom rank=3 hzoom=0x3f0 rows=21178 cumulative=21178
cannonball: spritezoom rank=4 hzoom=0x1a9 rows=17091 cumulative=17091
cannonball: spritezoom rank=5 hzoom=0x243 rows=14490 cumulative=14490
cannonball: spritezoom rank=6 hzoom=0x329 rows=14057 cumulative=14057
cannonball: spritezoom rank=7 hzoom=0x2a3 rows=14007 cumulative=14007
cannonball: spritezoom rank=8 hzoom=0x381 rows=12866 cumulative=12866
cannonball: spritezoom rank=9 hzoom=0x270 rows=12403 cumulative=12403
cannonball: spritezoom rank=10 hzoom=0x21b rows=11972 cumulative=11972
cannonball: spritezoom rank=11 hzoom=0x230 rows=11628 cumulative=11628
cannonball: spritezoom rank=12 hzoom=0x20c rows=11596 cumulative=11596
cannonball: spritezoom cumulative-rank=1 hzoom=0x1f8 rows=119755
cannonball: spritezoom cumulative-rank=2 hzoom=0x200 rows=36877
cannonball: spritezoom cumulative-rank=3 hzoom=0x3f0 rows=21178
cannonball: spritezoom cumulative-rank=4 hzoom=0x1a9 rows=17091
cannonball: spritezoom cumulative-rank=5 hzoom=0x243 rows=14490
cannonball: spritezoom cumulative-rank=6 hzoom=0x329 rows=14057
cannonball: spritezoom cumulative-rank=7 hzoom=0x2a3 rows=14007
cannonball: spritezoom cumulative-rank=8 hzoom=0x381 rows=12866
cannonball: spritezoom cumulative-rank=9 hzoom=0x270 rows=12403
cannonball: spritezoom cumulative-rank=10 hzoom=0x21b rows=11972
cannonball: spritezoom cumulative-rank=11 hzoom=0x230 rows=11628
cannonball: spritezoom cumulative-rank=12 hzoom=0x20c rows=11596
cannonball: videoperf fps=20 total=33 tile_update=0 road_bg=1 tile_bg=0 tile_fg=0 road_fg=17 sprites=12 text=0 black=0
cannonball: drawperf fps=21 draw=6
cannonball: renderperf fps=21 update=3
cannonball: perf fps=24 avg_ms total=40 tick=1 prep=24 render=9 audio=4 state=4 target_fps=30
cannonball: perf fps=23 avg_ms total=41 tick=0 prep=26 render=9 audio=4 state=4 target_fps=30
cannonball: perf fps=17 avg_ms total=55 tick=1 prep=40 render=9 audio=4 state=4 target_fps=30
cannonball: drawperf fps=20 draw=6
cannonball: renderperf fps=20 update=3
cannonball: perf fps=16 avg_ms total=60 tick=1 prep=45 render=9 audio=4 state=4 target_fps=30
cannonball: perf fps=15 avg_ms total=66 tick=1 prep=51 render=9 audio=4 state=4 target_fps=30
cannonball: drawperf fps=15 draw=6
cannonball: renderperf fps=15 update=3
cannonball: perf fps=15 avg_ms total=65 tick=1 prep=50 render=9 audio=4 state=4 target_fps=30
cannonball: perf fps=15 avg_ms total=63 tick=0 prep=48 render=9 audio=4 state=4 target_fps=30
cannonball: perf fps=15 avg_ms total=63 tick=1 prep=48 render=9 audio=4 state=4 target_fps=30
cannonball: drawperf fps=15 draw=6
cannonball: renderperf fps=15 update=3
cannonball: perf fps=16 avg_ms total=59 tick=0 prep=44 render=9 audio=4 state=4 target_fps=30
cannonball: perf fps=18 avg_ms total=53 tick=1 prep=38 render=9 audio=4 state=4 target_fps=30
cannonball: drawperf fps=20 draw=6
cannonball: renderperf fps=20 update=3
cannonball: perf fps=23 avg_ms total=42 tick=1 prep=26 render=9 audio=4 state=4 target_fps=30
cannonball: perf fps=17 avg_ms total=55 tick=0 prep=40 render=9 audio=4 state=4 target_fps=30
cannonball: perf fps=18 avg_ms total=54 tick=1 prep=39 render=10 audio=4 state=4 target_fps=30
cannonball: drawperf fps=18 draw=6
cannonball: renderperf fps=18 update=3
cannonball: perf fps=18 avg_ms total=55 tick=1 prep=39 render=9 audio=4 state=4 target_fps=30
cannonball: perf fps=16 avg_ms total=59 tick=0 prep=43 render=9 audio=4 state=4 target_fps=30
cannonball: roadperf fps=17 control=1 rows_drawn=163 rows_skipped=60
cannonball: spriteperf fps=17 sprites=59 shadow=55 fullclip=59 rows=1274 rows_1x=55
cannonball: spritezoom cumulative rows=1455390
cannonball: spritezoom rank=1 hzoom=0x1f8 rows=47616 cumulative=167371
cannonball: spritezoom rank=2 hzoom=0x200 rows=30081 cumulative=66958
cannonball: spritezoom rank=3 hzoom=0x3f0 rows=29427 cumulative=50605
cannonball: spritezoom rank=4 hzoom=0x243 rows=17576 cumulative=32066
cannonball: spritezoom rank=5 hzoom=0x381 rows=15756 cumulative=28622
cannonball: spritezoom rank=6 hzoom=0x2e0 rows=14429 cumulative=25842
cannonball: spritezoom rank=7 hzoom=0x329 rows=14096 cumulative=28153
cannonball: spritezoom rank=8 hzoom=0x1a9 rows=14009 cumulative=31100
cannonball: spritezoom rank=9 hzoom=0x270 rows=13656 cumulative=26059
cannonball: spritezoom rank=10 hzoom=0x2a3 rows=13592 cumulative=27599
cannonball: spritezoom rank=11 hzoom=0x303 rows=13428 cumulative=23963
cannonball: spritezoom rank=12 hzoom=0x1e1 rows=12561 cumulative=21401
cannonball: spritezoom cumulative-rank=1 hzoom=0x1f8 rows=167371
cannonball: spritezoom cumulative-rank=2 hzoom=0x200 rows=66958
cannonball: spritezoom cumulative-rank=3 hzoom=0x3f0 rows=50605
cannonball: spritezoom cumulative-rank=4 hzoom=0x243 rows=32066
cannonball: spritezoom cumulative-rank=5 hzoom=0x1a9 rows=31100
cannonball: spritezoom cumulative-rank=6 hzoom=0x381 rows=28622
cannonball: spritezoom cumulative-rank=7 hzoom=0x329 rows=28153
cannonball: spritezoom cumulative-rank=8 hzoom=0x2a3 rows=27599
cannonball: spritezoom cumulative-rank=9 hzoom=0x270 rows=26059
cannonball: spritezoom cumulative-rank=10 hzoom=0x2e0 rows=25842
cannonball: spritezoom cumulative-rank=11 hzoom=0x21b rows=24422
cannonball: spritezoom cumulative-rank=12 hzoom=0x303 rows=23963
cannonball: videoperf fps=17 total=40 tile_update=0 road_bg=1 tile_bg=0 tile_fg=0 road_fg=22 sprites=15 text=0 black=0
cannonball: drawperf fps=17 draw=6
cannonball: renderperf fps=17 update=3
cannonball: perf fps=17 avg_ms total=56 tick=1 prep=41 render=9 audio=4 state=4 target_fps=30
cannonball: perf fps=17 avg_ms total=58 tick=1 prep=43 render=10 audio=4 state=4 target_fps=30
cannonball: perf fps=22 avg_ms total=43 tick=0 prep=28 render=9 audio=4 state=4 target_fps=30
cannonball: drawperf fps=20 draw=6
cannonball: renderperf fps=20 update=3
cannonball: perf fps=27 avg_ms total=36 tick=0 prep=20 render=9 audio=4 state=4 target_fps=30
cannonball: perf fps=28 avg_ms total=34 tick=0 prep=19 render=9 audio=4 state=4 target_fps=30
cannonball: drawperf fps=28 draw=6
cannonball: renderperf fps=28 update=3
cannonball: perf fps=28 avg_ms total=34 tick=0 prep=19 render=9 audio=4 state=4 target_fps=30
cannonball: perf fps=28 avg_ms total=34 tick=0 prep=19 render=9 audio=4 state=4 target_fps=30
cannonball: perf fps=20 avg_ms total=48 tick=1 prep=33 render=9 audio=4 state=4 target_fps=30
cannonball: drawperf fps=24 draw=6
cannonball: renderperf fps=24 update=3
cannonball: perf fps=18 avg_ms total=52 tick=1 prep=37 render=9 audio=4 state=4 target_fps=30
cannonball: perf fps=19 avg_ms total=51 tick=1 prep=35 render=9 audio=4 state=4 target_fps=30
cannonball: drawperf fps=19 draw=6
cannonball: renderperf fps=19 update=3
cannonball: perf fps=20 avg_ms total=49 tick=1 prep=34 render=9 audio=4 state=4 target_fps=30
cannonball: perf fps=20 avg_ms total=49 tick=0 prep=34 render=9 audio=4 state=4 target_fps=30
cannonball: /pc/exit_now detected, calling arch_exit()
INFO: Double Buffer video enabled
vid_set_mode: 640x480 VGA with 1 framebuffers.
Program returned 0
