Connecting to 192.168.0.128...
dc-load-ip 3.0.1 using Broadband Adapter (HIT-0400)
Console enabled
Upload <cannonball.elf>
File format is ELF, start address is 0x8c010000
Section .text, lma 0x8c010000, size 1722264
Section .init, lma 0x8c1b6000, size 54
Section .fini, lma 0x8c1b6038, size 42
Section .rodata, lma 0x8c1b6080, size 177444
Section .eh_frame, lma 0x8c1e15a4, size 97748
Section .gcc_except_table, lma 0x8c1f9378, size 11265
Section .ctors, lma 0x8c1fbffc, size 52
Section .dtors, lma 0x8c1fc030, size 8
Section .data, lma 0x8c1fc038, size 12952
Section .got, lma 0x8c1ff2d0, size 12
Transferred 2021841 bytes at 4815157 bytes / sec
Executing at 0x8c010000
Sending execute command (0xac010000, console=1, cdfsredir=0)...argv(1, argv0="cannonball.elf")...executing

--
KallistiOS v2.3.0 [dreamcast/pristine]
  Git revision: fcfa7d86
  Mon Sep 14 01:18:49 PM MST 2026
  gpf@gpf-B550-Phantom-Gaming-4-ac:/opt/toolchains/dc/kos
  sh-elf-gcc (GCC) 17.0.0 20260703 (experimental)
maple: active drivers:
    Dreameye (Camera): Camera
    Sound Input Peripheral: Microphone
    PuruPuru (Vibration) Pack: JumpPack
    VMU Driver: Clock, LCD, MemoryCard
    Mouse Driver: Mouse
    Keyboard Driver: Keyboard
    Controller Driver: Controller
    Lightgun: LightGun
vid_set_mode: 640x480 VGA with 1 framebuffers.
dc-load console support enabled
maple: attached devices:
  A0: Dreamcast Controller           (01000000: Controller)
  A1: Visual Memory                  (0e000000: Clock, LCD, MemoryCard)
  D0: Keyboard                       (40000000: Keyboard)

cannonball: Config::load cfg=/cd/config.xml
fs_iso9660: disc change detected
cannonball: Config::load failed to read /cd/config.xml
cannonball: Config::load using /pc/config.xml fallback
[VMU] Open file /vmu/a1/CANNON
[VMU] Open file /vmu/a1/CANNON: OK
[VMU] Loaded settings from CANNON (624 bytes)
cannonball: Config::load dreamcast parser done
INFO: SDL2 Dreamcast video initialized: 640x480
Initializing joysticks...
No rumble device at port 0
Joystick found at port 0
No joystick at port 1
No joystick at port 2
No joystick at port 3
No joystick at port 4
No joystick at port 5
No joystick at port 6
No joystick at port 7
Number of joysticks initialized: 1
INFO: Initializing dreamcast haptic devices...
INFO: Opening audio device
INFO: Buffer size: 4096
INFO: 16-bit PCM audio format enabled
INFO: Dreamcast audio driver initialized
cannonball: audio desired freq=11025 fmt=0x8010 channels=2 samples=1024 obtained freq=11025 fmt=0x8010 channels=2 samples=1024
cannonball: Dreamcast render layout src=320x224 screen=320x240 dst=0,8 320x224 mode=2
INFO: Display modes for Dreamcast retrieved successfully.
INFO: DREAMCAST_CreateWindow: window 640x480 created for native PVR renderer
INFO: Double Buffer video enabled
vid_set_mode: 320x240 VGA with 1 framebuffers.
INFO: Dreamcast PVR
cannonball: renderer=0x8c8adc28 name=Dreamcast PVR flags=0xe
cannonball: creating texture 320x240 surface=320x240 src=320x224 dst=320x224
cannonball: created texture=0x8c8ade88 actual=320x240 format=SDL_PIXELFORMAT_RGB565 access=1 renderer=0x8c8adc28
cannonball: Dreamcast texture framebuffer surface=320x240 pitch=640 format=SDL_PIXELFORMAT_RGB565
cannonball: state -1 -> 1 frame=1
cannonball: state 1 -> 2 frame=2
cannonball: state 2 -> 3 frame=4
[VMU] Open file /vmu/a1/CANNON
[VMU] Open file /vmu/a1/CANNON: OK
[VMU] Loaded 20 score entries from CANNON (624 bytes)
cannonball: state 3 -> 4 frame=5
cannonball: perf fps=14 avg_ms total=68 tick=12 prep=39 render=10 audio=4 state=4 target_fps=30
cannonball: perf fps=20 avg_ms total=49 tick=0 prep=33 render=10 audio=5 state=4 target_fps=30
cannonball: drawperf fps=19 draw=7
cannonball: renderperf fps=19 update=3
cannonball: perf fps=28 avg_ms total=34 tick=0 prep=19 render=9 audio=4 state=4 target_fps=30
cannonball: perf fps=28 avg_ms total=35 tick=0 prep=17 render=9 audio=4 state=4 target_fps=30
cannonball: drawperf fps=28 draw=6
cannonball: renderperf fps=28 update=3
cannonball: perf fps=28 avg_ms total=34 tick=1 prep=18 render=9 audio=4 state=4 target_fps=30
cannonball: perf fps=23 avg_ms total=43 tick=0 prep=27 render=10 audio=4 state=4 target_fps=30
cannonball: perf fps=23 avg_ms total=42 tick=0 prep=27 render=9 audio=4 state=4 target_fps=30
cannonball: drawperf fps=23 draw=6
cannonball: renderperf fps=23 update=3
cannonball: perf fps=23 avg_ms total=42 tick=0 prep=27 render=9 audio=4 state=4 target_fps=30
cannonball: perf fps=23 avg_ms total=43 tick=0 prep=27 render=9 audio=4 state=4 target_fps=30
cannonball: drawperf fps=23 draw=6
cannonball: renderperf fps=23 update=3
cannonball: perf fps=22 avg_ms total=43 tick=0 prep=28 render=10 audio=4 state=4 target_fps=30
cannonball: perf fps=27 avg_ms total=36 tick=0 prep=17 render=9 audio=4 state=4 target_fps=30
cannonball: perf fps=29 avg_ms total=33 tick=0 prep=12 render=9 audio=4 state=4 target_fps=30
cannonball: drawperf fps=28 draw=6
cannonball: renderperf fps=28 update=3
cannonball: perf fps=29 avg_ms total=33 tick=0 prep=15 render=9 audio=4 state=4 target_fps=30
cannonball: perf fps=23 avg_ms total=42 tick=0 prep=27 render=9 audio=4 state=4 target_fps=30
cannonball: roadperf fps=24 control=1 rows_drawn=103 rows_skipped=120
cannonball: spriteperf fps=24 sprites=47 shadow=42 fullclip=47 rows=731 rows_1x=44
cannonball: spritezoom cumulative rows=542544
cannonball: spritezoom rank=1 hzoom=0x200 rows=33019 cumulative=33019
cannonball: spritezoom rank=2 hzoom=0x3f0 rows=24504 cumulative=24504
cannonball: spritezoom rank=3 hzoom=0x329 rows=16044 cumulative=16044
cannonball: spritezoom rank=4 hzoom=0x381 rows=15161 cumulative=15161
cannonball: spritezoom rank=5 hzoom=0x2a3 rows=14847 cumulative=14847
cannonball: spritezoom rank=6 hzoom=0x243 rows=14438 cumulative=14438
cannonball: spritezoom rank=7 hzoom=0x2d8 rows=13398 cumulative=13398
cannonball: spritezoom rank=8 hzoom=0x2e0 rows=13235 cumulative=13235
cannonball: spritezoom rank=9 hzoom=0x270 rows=12062 cumulative=12062
cannonball: spritezoom rank=10 hzoom=0x1a9 rows=11797 cumulative=11797
cannonball: spritezoom rank=11 hzoom=0x20c rows=11421 cumulative=11421
cannonball: spritezoom rank=12 hzoom=0x303 rows=10862 cumulative=10862
cannonball: spritezoom cumulative-rank=1 hzoom=0x200 rows=33019
cannonball: spritezoom cumulative-rank=2 hzoom=0x3f0 rows=24504
cannonball: spritezoom cumulative-rank=3 hzoom=0x329 rows=16044
cannonball: spritezoom cumulative-rank=4 hzoom=0x381 rows=15161
cannonball: spritezoom cumulative-rank=5 hzoom=0x2a3 rows=14847
cannonball: spritezoom cumulative-rank=6 hzoom=0x243 rows=14438
cannonball: spritezoom cumulative-rank=7 hzoom=0x2d8 rows=13398
cannonball: spritezoom cumulative-rank=8 hzoom=0x2e0 rows=13235
cannonball: spritezoom cumulative-rank=9 hzoom=0x270 rows=12062
cannonball: spritezoom cumulative-rank=10 hzoom=0x1a9 rows=11797
cannonball: spritezoom cumulative-rank=11 hzoom=0x20c rows=11421
cannonball: spritezoom cumulative-rank=12 hzoom=0x303 rows=10862
cannonball: videoperf fps=24 total=23 tile_update=0 road_bg=2 tile_bg=0 tile_fg=0 road_fg=14 sprites=5 text=0 black=0
cannonball: drawperf fps=24 draw=6
cannonball: renderperf fps=24 update=3
cannonball: perf fps=24 avg_ms total=40 tick=1 prep=25 render=9 audio=4 state=4 target_fps=30
cannonball: perf fps=29 avg_ms total=33 tick=0 prep=17 render=9 audio=4 state=4 target_fps=30
cannonball: perf fps=29 avg_ms total=33 tick=1 prep=18 render=9 audio=4 state=4 target_fps=30
cannonball: drawperf fps=29 draw=6
cannonball: renderperf fps=29 update=3
cannonball: perf fps=29 avg_ms total=34 tick=1 prep=18 render=10 audio=4 state=4 target_fps=30
cannonball: perf fps=29 avg_ms total=33 tick=0 prep=13 render=9 audio=4 state=4 target_fps=30
cannonball: drawperf fps=29 draw=6
cannonball: renderperf fps=29 update=3
cannonball: perf fps=29 avg_ms total=33 tick=0 prep=13 render=9 audio=4 state=4 target_fps=30
cannonball: perf fps=29 avg_ms total=33 tick=0 prep=12 render=9 audio=4 state=4 target_fps=30
cannonball: perf fps=29 avg_ms total=34 tick=0 prep=18 render=9 audio=4 state=4 target_fps=30
cannonball: drawperf fps=29 draw=6
cannonball: renderperf fps=29 update=3
cannonball: perf fps=29 avg_ms total=34 tick=0 prep=17 render=9 audio=4 state=4 target_fps=30
cannonball: perf fps=29 avg_ms total=33 tick=0 prep=16 render=9 audio=4 state=4 target_fps=30
cannonball: drawperf fps=29 draw=6
cannonball: renderperf fps=29 update=3
cannonball: perf fps=29 avg_ms total=34 tick=0 prep=13 render=9 audio=4 state=4 target_fps=30
cannonball: perf fps=29 avg_ms total=33 tick=0 prep=12 render=9 audio=4 state=4 target_fps=30
cannonball: perf fps=29 avg_ms total=34 tick=0 prep=12 render=10 audio=4 state=4 target_fps=30
cannonball: drawperf fps=29 draw=6
cannonball: renderperf fps=29 update=3
cannonball: perf fps=29 avg_ms total=34 tick=0 prep=14 render=10 audio=4 state=4 target_fps=30
cannonball: perf fps=29 avg_ms total=34 tick=0 prep=15 render=9 audio=4 state=4 target_fps=30
cannonball: roadperf fps=29 control=1 rows_drawn=83 rows_skipped=140
cannonball: spriteperf fps=29 sprites=41 shadow=38 fullclip=41 rows=571 rows_1x=43
cannonball: spritezoom cumulative rows=1046956
cannonball: spritezoom rank=1 hzoom=0x200 rows=38634 cumulative=71653
cannonball: spritezoom rank=2 hzoom=0x3f0 rows=27631 cumulative=52135
cannonball: spritezoom rank=3 hzoom=0x124 rows=22246 cumulative=22337
cannonball: spritezoom rank=4 hzoom=0x303 rows=18727 cumulative=29589
cannonball: spritezoom rank=5 hzoom=0x230 rows=18255 cumulative=27578
cannonball: spritezoom rank=6 hzoom=0x243 rows=16086 cumulative=30524
cannonball: spritezoom rank=7 hzoom=0x329 rows=14490 cumulative=30534
cannonball: spritezoom rank=8 hzoom=0x2a3 rows=14394 cumulative=29241
cannonball: spritezoom rank=9 hzoom=0x270 rows=13313 cumulative=25375
cannonball: spritezoom rank=10 hzoom=0x1a9 rows=11725 cumulative=23522
cannonball: spritezoom rank=11 hzoom=0x381 rows=11633 cumulative=26794
cannonball: spritezoom rank=12 hzoom=0x2d0 rows=11006 cumulative=18876
cannonball: spritezoom cumulative-rank=1 hzoom=0x200 rows=71653
cannonball: spritezoom cumulative-rank=2 hzoom=0x3f0 rows=52135
cannonball: spritezoom cumulative-rank=3 hzoom=0x329 rows=30534
cannonball: spritezoom cumulative-rank=4 hzoom=0x243 rows=30524
cannonball: spritezoom cumulative-rank=5 hzoom=0x303 rows=29589
cannonball: spritezoom cumulative-rank=6 hzoom=0x2a3 rows=29241
cannonball: spritezoom cumulative-rank=7 hzoom=0x230 rows=27578
cannonball: spritezoom cumulative-rank=8 hzoom=0x381 rows=26794
cannonball: spritezoom cumulative-rank=9 hzoom=0x270 rows=25375
cannonball: spritezoom cumulative-rank=10 hzoom=0x1a9 rows=23522
cannonball: spritezoom cumulative-rank=11 hzoom=0x2e0 rows=22600
cannonball: spritezoom cumulative-rank=12 hzoom=0x124 rows=22337
cannonball: videoperf fps=29 total=15 tile_update=0 road_bg=2 tile_bg=0 tile_fg=0 road_fg=6 sprites=5 text=0 black=0
cannonball: drawperf fps=29 draw=6
cannonball: renderperf fps=29 update=3
cannonball: perf fps=29 avg_ms total=34 tick=0 prep=16 render=9 audio=4 state=4 target_fps=30
cannonball: perf fps=26 avg_ms total=37 tick=0 prep=21 render=10 audio=4 state=4 target_fps=30
cannonball: perf fps=25 avg_ms total=38 tick=1 prep=23 render=9 audio=4 state=4 target_fps=30
cannonball: drawperf fps=26 draw=6
cannonball: renderperf fps=26 update=3
cannonball: perf fps=26 avg_ms total=37 tick=0 prep=21 render=9 audio=4 state=4 target_fps=30
cannonball: perf fps=28 avg_ms total=34 tick=0 prep=19 render=9 audio=4 state=4 target_fps=30
cannonball: drawperf fps=28 draw=6
cannonball: renderperf fps=28 update=3
cannonball: perf fps=28 avg_ms total=34 tick=0 prep=18 render=9 audio=4 state=4 target_fps=30
cannonball: /pc/exit_now detected, calling arch_exit()
INFO: Double Buffer video enabled
vid_set_mode: 640x480 VGA with 1 framebuffers.
Program returned 0
